#
# A fatal error has been detected by the Java Runtime Environment:
#
#  SIGSEGV (0xb) at pc=0x00007f657d6e11cd, pid=25725, tid=25741
#
# JRE version: OpenJDK Runtime Environment Temurin-21.0.11+10 (21.0.11+10) (build 21.0.11+10-LTS)
# Java VM: OpenJDK 64-Bit Server VM Temurin-21.0.11+10 (21.0.11+10-LTS, mixed mode, sharing, tiered, compressed oops, compressed class ptrs, g1 gc, linux-amd64)
# Problematic frame:
# V  [libjvm.so+0x8e11cd]  IndexSet::IndexSet(IndexSet*)+0xad
#
# No core dump will be written. Core dumps have been disabled. To enable core dumping, try "ulimit -c unlimited" before starting Java again
#
# If you would like to submit a bug report, please visit:
#   https://github.com/adoptium/adoptium-support/issues
#

---------------  S U M M A R Y ------------

Command Line: --add-opens=java.base/java.lang=ALL-UNNAMED --add-opens=java.base/java.lang.invoke=ALL-UNNAMED --add-opens=java.base/java.util=ALL-UNNAMED --add-opens=java.prefs/java.util.prefs=ALL-UNNAMED --add-exports=jdk.compiler/com.sun.tools.javac.api=ALL-UNNAMED --add-exports=jdk.compiler/com.sun.tools.javac.util=ALL-UNNAMED --add-opens=java.base/java.util=ALL-UNNAMED --add-opens=java.prefs/java.util.prefs=ALL-UNNAMED --add-opens=java.base/java.nio.charset=ALL-UNNAMED --add-opens=java.base/java.net=ALL-UNNAMED --add-opens=java.base/java.util.concurrent.atomic=ALL-UNNAMED --add-opens=java.xml/javax.xml.namespace=ALL-UNNAMED -Xmx1024m -Dfile.encoding=UTF-8 -Duser.country=US -Duser.language=en -Duser.variant -javaagent:/home/elonmusk/.gradle/wrapper/dists/gradle-8.13-bin/5xuhj0ry160q40clulazy9h7d/gradle-8.13/lib/agents/gradle-instrumentation-agent-8.13.jar org.gradle.launcher.daemon.bootstrap.GradleDaemon 8.13

Host: AMD A8-3520M APU with Radeon(tm) HD Graphics, 4 cores, 5G, Kali GNU/Linux Rolling
Time: Mon Jul  6 08:02:08 2026 CDT elapsed time: 42.463585 seconds (0d 0h 0m 42s)

---------------  T H R E A D  ---------------

Current thread (0x00007f6578107ec0):  JavaThread "C2 CompilerThread0" daemon [_thread_in_native, id=25741, stack(0x00007f65559ff000,0x00007f6555aff000) (1024K)]


Current CompileTask:
C2:42465 5573   !   4       sun.reflect.annotation.AnnotationParser::parseAnnotations (37 bytes)

Stack: [0x00007f65559ff000,0x00007f6555aff000],  sp=0x00007f6555afaf60,  free space=1007k
Native frames: (J=compiled Java code, j=interpreted, Vv=VM code, C=native code)
V  [libjvm.so+0x8e11cd]  IndexSet::IndexSet(IndexSet*)+0xad
V  [libjvm.so+0x8d9848]  PhaseChaitin::build_ifg_physical(ResourceArea*)+0xa8
V  [libjvm.so+0x5c974e]  PhaseChaitin::Register_Allocate()+0x86e
V  [libjvm.so+0x6720b6]  Compile::Code_Gen()+0x326
V  [libjvm.so+0x6761d1]  Compile::Compile(ciEnv*, ciMethod*, int, Options, DirectiveSet*)+0x1491
V  [libjvm.so+0x59af3b]  C2Compiler::compile_method(ciEnv*, ciMethod*, int, bool, DirectiveSet*)+0x18b
V  [libjvm.so+0x67c05e]  CompileBroker::invoke_compiler_on_method(CompileTask*)+0xc9e
V  [libjvm.so+0x67f398]  CompileBroker::compiler_thread_loop()+0x738
V  [libjvm.so+0x92fca8]  JavaThread::thread_main_inner()+0x1d8
V  [libjvm.so+0xf9d138]  Thread::call_run()+0xa8
V  [libjvm.so+0xd0eeda]  thread_native_entry(Thread*)+0xda

siginfo: si_signo: 11 (SIGSEGV), si_code: 1 (SEGV_MAPERR), si_addr: 0x00007f257e351d60

Registers:
RAX=0x00007f64dc0a5c20, RBX=0x00007f64dc0a5c40, RCX=0x00007f64e9391180, RDX=0x00007f6578109300
RSP=0x00007f6555afaf60, RBP=0x00007f6555afafa0, RSI=0x00007f64dc0a6490, RDI=0x00007f657e309380
R8 =0x00007f657e351d60, R9 =0x00007f6555afcab0, R10=0x0000000000000000, R11=0x00007f6555afb580
R12=0x000000000000000a, R13=0x00007f257e351d60, R14=0x0000000000000009, R15=0x00007f6555afb0b0
RIP=0x00007f657d6e11cd, EFLAGS=0x0000000000010206, CSGSFS=0x002b000000000033, ERR=0x0000000000000004
  TRAPNO=0x000000000000000e

XMM[0]=0x0000000000000000 0x0000000000000000
XMM[1]=0x0000000000000000 0x0000000000400000
XMM[2]=0x0000000000000000 0x0000000000000000
XMM[3]=0xffffffffffffffff 0xffffffffffffffff
XMM[4]=0x0000000000000000 0x00007fffffffffff
XMM[5]=0x0000000800000000 0x0000000000000000
XMM[6]=0xffffffffffffffff 0xffffffffffffffff
XMM[7]=0xffffffffffffffff 0xffffffffffffffff
XMM[8]=0x0000000000000000 0x0000000000002000
XMM[9]=0x0000000000000000 0x4008000000000000
XMM[10]=0x0000000000000000 0x46293e5939a08cea
XMM[11]=0x0000000000000000 0x4376345785d8a000
XMM[12]=0x00007f64e8593740 0x00007f64e85936e0
XMM[13]=0x0000000000000000 0x00007f64e8593bc0
XMM[14]=0x0000000000000000 0x00007f64e8593c80
XMM[15]=0x0000000000000000 0x00007f64e8593d40
  MXCSR=0x00001fa2


Register to memory mapping:

RAX=0x00007f64dc0a5c20 points into unknown readable memory: 0x00007f64dc0a5c00 | 00 5c 0a dc 64 7f 00 00
RBX=0x00007f64dc0a5c40 points into unknown readable memory: 0x0000000000000000 | 00 00 00 00 00 00 00 00
RCX=0x00007f64e9391180 points into unknown readable memory: 0x0000001800000015 | 15 00 00 00 18 00 00 00
RDX=0x00007f6578109300 points into unknown readable memory: 0x0000000000000004 | 04 00 00 00 00 00 00 00
RSP=0x00007f6555afaf60 is pointing into the stack for thread: 0x00007f6578107ec0
RBP=0x00007f6555afafa0 is pointing into the stack for thread: 0x00007f6578107ec0
RSI=0x00007f64dc0a6490 points into unknown readable memory: 0x00007f657e340aa8 | a8 0a 34 7e 65 7f 00 00
RDI=0x00007f657e309380: <offset 0x0000000001509380> in /home/elonmusk/.cursor/extensions/redhat.java-1.55.0-linux-x64/jre/21.0.11-linux-x86_64/lib/server/libjvm.so at 0x00007f657ce00000
R8 =0x00007f657e351d60: <offset 0x0000000001551d60> in /home/elonmusk/.cursor/extensions/redhat.java-1.55.0-linux-x64/jre/21.0.11-linux-x86_64/lib/server/libjvm.so at 0x00007f657ce00000
R9 =0x00007f6555afcab0 is pointing into the stack for thread: 0x00007f6578107ec0
R10=0x0 is null
R11=0x00007f6555afb580 is pointing into the stack for thread: 0x00007f6578107ec0
R12=0x000000000000000a is an unknown value
R13=0x00007f257e351d60 is an unknown value
R14=0x0000000000000009 is an unknown value
R15=0x00007f6555afb0b0 is pointing into the stack for thread: 0x00007f6578107ec0

Top of Stack: (sp=0x00007f6555afaf60)
0x00007f6555afaf60:   00007f64dc0a6290 00007f64e9391180   .b..d.....9.d...
0x00007f6555afaf70:   0000000000000000 00007f64e87a6960   ........`iz.d...
0x00007f6555afaf80:   00007f6555afb010 00007f6555afb030   ...Ue...0..Ue...
0x00007f6555afaf90:   00000000fffffffb 00007f6555afb580   ...........Ue...
0x00007f6555afafa0:   00007f6555afb180 00007f657d6d9848   ...Ue...H.m}e...
0x00007f6555afafb0:   00007f64e9388e40 00007f6555afb050   @.8.d...P..Ue...
0x00007f6555afafc0:   00007f6555afb580 0000000000000006   ...Ue...........
0x00007f6555afafd0:   0000000000000000 00007f6555afb580   ...........Ue...
0x00007f6555afafe0:   000000050000043c 00007f6555afb0b0   <..........Ue...
0x00007f6555afaff0:   0000000000000000 00007f6555afb580   ...........Ue...
0x00007f6555afb000:   00007f64dc424ee0 000000007dd9d5c7   .NB.d......}....
0x00007f6555afb010:   0000000600000001 0000000d00000001   ................
0x00007f6555afb020:   00007f6500000000 00007f657d2455a1   ....e....U$}e...
0x00007f6555afb030:   0000000600000000 0000000e00000000   ................
0x00007f6555afb040:   00007f6500000000 0000000000000000   ....e...........
0x00007f6555afb050:   0000000000000000 0000000000000000   ................
0x00007f6555afb060:   00007f657e351d60 00007f6555afb300   `.5~e......Ue...
0x00007f6555afb070:   00007f6555afb180 00007f657df45e42   ...Ue...B^.}e...
0x00007f6555afb080:   0000000000000000 0000000000000000   ................
0x00007f6555afb090:   0000000000000000 00007f657df45e42   ........B^.}e...
0x00007f6555afb0a0:   00007f64dc14bc00 00000000002038a0   ....d....8 .....
0x00007f6555afb0b0:   0000001800000015 00007f64dc0a6390   .........c..d...
0x00007f6555afb0c0:   00007f6555afb130 00007f64e90f5410   0..Ue....T..d...
0x00007f6555afb0d0:   fffffffffffffff8 0000000000000000   ................
0x00007f6555afb0e0:   00007f64e8c0b2e0 00007f6400000001   ....d.......d...
0x00007f6555afb0f0:   00000000000004b8 00007f6555afb130   ........0..Ue...
0x00007f6555afb100:   00007f6555afb310 00007f650000062d   ...Ue...-...e...
0x00007f6555afb110:   00007f6500000020 00007f6578106320    ...e... c.xe...
0x00007f6555afb120:   00007f64e941f870 00007f6400000000   p.A.d.......d...
0x00007f6555afb130:   00007f6400000040 00007f64dc181ec0   @...d.......d...
0x00007f6555afb140:   00007f6500000020 00007f6578106320    ...e... c.xe...
0x00007f6555afb150:   0000000000000000 00007f6555afb580   ...........Ue...

Instructions: (pc=0x00007f657d6e11cd)
0x00007f657d6e10cd:   8f 0c c7 00 48 8b 10 48 8b 92 08 07 00 00 48 8b
0x00007f657d6e10dd:   92 80 00 00 00 48 8b 92 d8 08 00 00 49 89 55 00
0x00007f657d6e10ed:   48 8b 00 48 8b 80 08 07 00 00 48 8b 80 80 00 00
0x00007f657d6e10fd:   00 4c 89 a8 d8 08 00 00 49 8b 44 24 08 48 89 0c
0x00007f657d6e110d:   d8 48 83 c4 08 5b 41 5c 41 5d 5d c3 90 66 0f 1f
0x00007f657d6e111d:   44 00 00 55 48 89 f1 48 89 e5 41 57 49 89 ff 41
0x00007f657d6e112d:   56 41 55 41 54 53 48 83 ec 18 48 8b 06 8b 9e 90
0x00007f657d6e113d:   00 00 00 48 89 07 89 9f 90 00 00 00 83 fb 10 0f
0x00007f657d6e114d:   87 46 01 00 00 48 8d 47 10 48 89 47 08 45 31 e4
0x00007f657d6e115d:   4c 8d 05 fc 0b c7 00 85 db 0f 85 85 00 00 00 e9
0x00007f657d6e116d:   a9 00 00 00 0f 1f 80 00 00 00 00 48 89 4d c8 66
0x00007f657d6e117d:   48 8d 3d fc 81 c2 00 66 66 48 e8 04 28 9c ff 48
0x00007f657d6e118d:   8b 4d c8 4c 8d 05 c9 0b c7 00 48 8b 00 48 8b 80
0x00007f657d6e119d:   08 07 00 00 4c 8b 88 80 00 00 00 49 8b 99 d8 08
0x00007f657d6e11ad:   00 00 48 85 db 74 7c 48 8b 03 66 0f ef c0 41 83
0x00007f657d6e11bd:   c4 01 49 89 81 d8 08 00 00 0f 11 03 0f 11 43 10
0x00007f657d6e11cd:   f3 41 0f 6f 4d 00 0f 11 0b f3 41 0f 6f 55 10 0f
0x00007f657d6e11dd:   11 53 10 49 8b 47 08 4a 89 1c f0 45 39 a7 90 00
0x00007f657d6e11ed:   00 00 76 29 48 8b 41 08 45 89 e6 4e 8b 2c f0 4d
0x00007f657d6e11fd:   39 c5 0f 85 73 ff ff ff 49 8b 47 08 41 83 c4 01
0x00007f657d6e120d:   4e 89 04 f0 45 39 a7 90 00 00 00 77 d7 48 83 c4
0x00007f657d6e121d:   18 5b 41 5c 41 5d 41 5e 41 5f 5d c3 0f 1f 80 00
0x00007f657d6e122d:   00 00 00 49 8b b9 d0 08 00 00 48 8b 47 18 48 8b
0x00007f657d6e123d:   57 20 48 29 c2 48 81 fa 5f 06 00 00 0f 86 a6 00
0x00007f657d6e124d:   00 00 48 8d 90 60 06 00 00 48 89 57 18 48 8d 70
0x00007f657d6e125d:   20 48 83 e6 e0 48 8d 96 40 06 00 00 48 89 f0 0f
0x00007f657d6e126d:   1f 40 00 48 89 18 48 89 c3 48 8d 40 20 48 39 d0
0x00007f657d6e127d:   75 f1 48 8d 9e 20 06 00 00 49 89 99 d8 08 00 00
0x00007f657d6e128d:   e9 22 ff ff ff 66 0f 1f 44 00 00 48 89 75 c8 66
0x00007f657d6e129d:   48 8d 3d dc 80 c2 00 66 66 48 e8 e4 26 9c ff 89
0x00007f657d6e12ad:   de 48 8b 4d c8 48 c1 e6 03 48 8b 00 48 8b 80 08
0x00007f657d6e12bd:   07 00 00 48 8b 80 80 00 00 00 48 8b b8 d0 08 00


Stack slot to memory mapping:

stack at sp + 0 slots: 0x00007f64dc0a6290 points into unknown readable memory: 0x00007f64dc0a5d40 | 40 5d 0a dc 64 7f 00 00
stack at sp + 1 slots: 0x00007f64e9391180 points into unknown readable memory: 0x0000001800000015 | 15 00 00 00 18 00 00 00
stack at sp + 2 slots: 0x0 is null
stack at sp + 3 slots: 0x00007f64e87a6960 points into unknown readable memory: 0x00007f657e236790 | 90 67 23 7e 65 7f 00 00
stack at sp + 4 slots: 0x00007f6555afb010 is pointing into the stack for thread: 0x00007f6578107ec0
stack at sp + 5 slots: 0x00007f6555afb030 is pointing into the stack for thread: 0x00007f6578107ec0
stack at sp + 6 slots: 
[error occurred during error reporting (inspecting top of stack), id 0xb, SIGSEGV (0xb) at pc=0x00007f657d5d2633]
stack at sp + 7 slots: 0x00007f6555afb580 is pointing into the stack for thread: 0x00007f6578107ec0


---------------  P R O C E S S  ---------------

Threads class SMR info:
_java_thread_list=0x00007f64ad485ad0, length=37, elements={
0x00007f657802ed70, 0x00007f6578100aa0, 0x00007f6578102010, 0x00007f65781037a0,
0x00007f6578104de0, 0x00007f6578106380, 0x00007f6578107ec0, 0x00007f6578109580,
0x00007f65781c5aa0, 0x00007f6578220e00, 0x00007f65793ec6a0, 0x00007f6579461380,
0x00007f6579490940, 0x00007f64c8016470, 0x00007f64c0001410, 0x00007f64c0007640,
0x00007f64c000a350, 0x00007f64ac009440, 0x00007f64ac00cdf0, 0x00007f64ac00f690,
0x00007f64ac2aff90, 0x00007f64ac2ba090, 0x00007f64ac2d2ee0, 0x00005624499f9e30,
0x00007f64ac97bbb0, 0x00007f64ac985c50, 0x00007f64aca9dec0, 0x00007f64acaa0280,
0x00007f64ac2270f0, 0x00007f64ac291e10, 0x00007f64acc0e850, 0x00007f64acc25c90,
0x00007f64ad197c30, 0x00007f64ad1ff300, 0x00007f64ad4594d0, 0x00007f64ad477360,
0x00007f64ad484c50
}

Java Threads: ( => current thread )
  0x00007f657802ed70 JavaThread "main"                              [_thread_blocked, id=25728, stack(0x00007f657cc0a000,0x00007f657cd0a000) (1024K)]
  0x00007f6578100aa0 JavaThread "Reference Handler"          daemon [_thread_blocked, id=25736, stack(0x00007f6564275000,0x00007f6564375000) (1024K)]
  0x00007f6578102010 JavaThread "Finalizer"                  daemon [_thread_blocked, id=25737, stack(0x00007f6564174000,0x00007f6564274000) (1024K)]
  0x00007f65781037a0 JavaThread "Signal Dispatcher"          daemon [_thread_blocked, id=25738, stack(0x00007f6564073000,0x00007f6564173000) (1024K)]
  0x00007f6578104de0 JavaThread "Service Thread"             daemon [_thread_blocked, id=25739, stack(0x00007f6555f00000,0x00007f6556000000) (1024K)]
  0x00007f6578106380 JavaThread "Monitor Deflation Thread"   daemon [_thread_blocked, id=25740, stack(0x00007f6555b00000,0x00007f6555c00000) (1024K)]
=>0x00007f6578107ec0 JavaThread "C2 CompilerThread0"         daemon [_thread_in_native, id=25741, stack(0x00007f65559ff000,0x00007f6555aff000) (1024K)]
  0x00007f6578109580 JavaThread "C1 CompilerThread0"         daemon [_thread_blocked, id=25742, stack(0x00007f65558fe000,0x00007f65559fe000) (1024K)]
  0x00007f65781c5aa0 JavaThread "Common-Cleaner"             daemon [_thread_blocked, id=25744, stack(0x00007f65557fd000,0x00007f65558fd000) (1024K)]
  0x00007f6578220e00 JavaThread "Notification Thread"        daemon [_thread_blocked, id=25745, stack(0x00007f65556fc000,0x00007f65557fc000) (1024K)]
  0x00007f65793ec6a0 JavaThread "Daemon health stats"               [_thread_blocked, id=25773, stack(0x00007f6554fff000,0x00007f65550ff000) (1024K)]
  0x00007f6579461380 JavaThread "Incoming local TCP Connector on port 44631"        [_thread_in_native, id=25782, stack(0x00007f6554efe000,0x00007f6554ffe000) (1024K)]
  0x00007f6579490940 JavaThread "Daemon periodic checks"            [_thread_blocked, id=25783, stack(0x00007f6554dfd000,0x00007f6554efd000) (1024K)]
  0x00007f64c8016470 JavaThread "Daemon"                            [_thread_blocked, id=25784, stack(0x00007f6554cfc000,0x00007f6554dfc000) (1024K)]
  0x00007f64c0001410 JavaThread "Handler for socket connection from /127.0.0.1:44631 to /127.0.0.1:52130"        [_thread_in_native, id=25785, stack(0x00007f6554bfb000,0x00007f6554cfb000) (1024K)]
  0x00007f64c0007640 JavaThread "Cancel handler"                    [_thread_blocked, id=25786, stack(0x00007f6554afa000,0x00007f6554bfa000) (1024K)]
  0x00007f64c000a350 JavaThread "Daemon worker"                     [_thread_in_native, id=25787, stack(0x00007f65549f9000,0x00007f6554af9000) (1024K)]
  0x00007f64ac009440 JavaThread "Asynchronous log dispatcher for DefaultDaemonConnection: socket connection from /127.0.0.1:44631 to /127.0.0.1:52130"        [_thread_blocked, id=25788, stack(0x00007f65548f8000,0x00007f65549f8000) (1024K)]
  0x00007f64ac00cdf0 JavaThread "Stdin handler"                     [_thread_blocked, id=25789, stack(0x00007f65547f7000,0x00007f65548f7000) (1024K)]
  0x00007f64ac00f690 JavaThread "Daemon client event forwarder"        [_thread_blocked, id=25790, stack(0x00007f65546f6000,0x00007f65547f6000) (1024K)]
  0x00007f64ac2aff90 JavaThread "Cache worker for journal cache (/home/elonmusk/.gradle/caches/journal-1)"        [_thread_blocked, id=25802, stack(0x00007f65545f5000,0x00007f65546f5000) (1024K)]
  0x00007f64ac2ba090 JavaThread "File lock request listener"        [_thread_in_native, id=25803, stack(0x00007f65544f4000,0x00007f65545f4000) (1024K)]
  0x00007f64ac2d2ee0 JavaThread "Cache worker for file hash cache (/home/elonmusk/.gradle/caches/8.13/fileHashes)"        [_thread_blocked, id=25805, stack(0x00007f65543f3000,0x00007f65544f3000) (1024K)]
  0x00005624499f9e30 JavaThread "File lock release action executor"        [_thread_blocked, id=25815, stack(0x00007f6554101000,0x00007f6554201000) (1024K)]
  0x00007f64ac97bbb0 JavaThread "Cache worker for file hash cache (/home/elonmusk/AndroidStudioProjects/POS/.gradle/8.13/fileHashes)"        [_thread_blocked, id=25834, stack(0x00007f65542f2000,0x00007f65543f2000) (1024K)]
  0x00007f64ac985c50 JavaThread "Cache worker for Build Output Cleanup Cache (/home/elonmusk/AndroidStudioProjects/POS/.gradle/buildOutputCleanup)"        [_thread_blocked, id=25835, stack(0x00007f6502f00000,0x00007f6503000000) (1024K)]
  0x00007f64aca9dec0 JavaThread "File watcher server"        daemon [_thread_in_native, id=25844, stack(0x00007f6502dff000,0x00007f6502eff000) (1024K)]
  0x00007f64acaa0280 JavaThread "File watcher consumer"      daemon [_thread_blocked, id=25845, stack(0x00007f6502cfe000,0x00007f6502dfe000) (1024K)]
  0x00007f64ac2270f0 JavaThread "jar transforms"                    [_thread_blocked, id=25871, stack(0x00007f6502bfd000,0x00007f6502cfd000) (1024K)]
  0x00007f64ac291e10 JavaThread "jar transforms Thread 2"           [_thread_blocked, id=25908, stack(0x00007f6502afc000,0x00007f6502bfc000) (1024K)]
  0x00007f64acc0e850 JavaThread "Cache worker for checksums cache (/home/elonmusk/AndroidStudioProjects/POS/.gradle/8.13/checksums)"        [_thread_blocked, id=25927, stack(0x00007f65029fb000,0x00007f6502afb000) (1024K)]
  0x00007f64acc25c90 JavaThread "Cache worker for file content cache (/home/elonmusk/.gradle/caches/8.13/fileContent)"        [_thread_blocked, id=25933, stack(0x00007f65028fa000,0x00007f65029fa000) (1024K)]
  0x00007f64ad197c30 JavaThread "Cache worker for cache directory md-supplier (/home/elonmusk/.gradle/caches/8.13/md-supplier)"        [_thread_blocked, id=25986, stack(0x00007f65027f9000,0x00007f65028f9000) (1024K)]
  0x00007f64ad1ff300 JavaThread "Cache worker for cache directory md-rule (/home/elonmusk/.gradle/caches/8.13/md-rule)"        [_thread_blocked, id=25987, stack(0x00007f65026f8000,0x00007f65027f8000) (1024K)]
  0x00007f64ad4594d0 JavaThread "Unconstrained build operations"        [_thread_blocked, id=26040, stack(0x00007f65025f7000,0x00007f65026f7000) (1024K)]
  0x00007f64ad477360 JavaThread "Unconstrained build operations Thread 2"        [_thread_blocked, id=26041, stack(0x00007f65024f6000,0x00007f65025f6000) (1024K)]
  0x00007f64ad484c50 JavaThread "Unconstrained build operations Thread 3"        [_thread_blocked, id=26050, stack(0x00007f65023f5000,0x00007f65024f5000) (1024K)]
Total: 37

Other Threads:
  0x00007f65780f76b0 VMThread "VM Thread"                           [id=25735, stack(0x00007f6564376000,0x00007f6564476000) (1024K)]
  0x00007f65780e5e40 WatcherThread "VM Periodic Task Thread"        [id=25734, stack(0x00007f6564477000,0x00007f6564577000) (1024K)]
  0x00007f6578069a30 WorkerThread "GC Thread#0"                     [id=25729, stack(0x00007f657c100000,0x00007f657c200000) (1024K)]
  0x00007f64fc0068f0 WorkerThread "GC Thread#1"                     [id=25746, stack(0x00007f65555fb000,0x00007f65556fb000) (1024K)]
  0x00007f64fc00da00 WorkerThread "GC Thread#2"                     [id=25771, stack(0x00007f6555469000,0x00007f6555569000) (1024K)]
  0x00007f64fc00e190 WorkerThread "GC Thread#3"                     [id=25772, stack(0x00007f6555100000,0x00007f6555200000) (1024K)]
  0x00007f6578073030 ConcurrentGCThread "G1 Main Marker"            [id=25730, stack(0x00007f6564d00000,0x00007f6564e00000) (1024K)]
  0x00007f6578073fd0 WorkerThread "G1 Conc#0"                       [id=25731, stack(0x00007f6564bff000,0x00007f6564cff000) (1024K)]
  0x00007f65780d3be0 ConcurrentGCThread "G1 Refine#0"               [id=25732, stack(0x00007f65646fa000,0x00007f65647fa000) (1024K)]
  0x00007f65780d4ba0 ConcurrentGCThread "G1 Service"                [id=25733, stack(0x00007f65645f9000,0x00007f65646f9000) (1024K)]
Total: 10

Threads with active compile tasks:
C2 CompilerThread0  43262 5573   !   4       sun.reflect.annotation.AnnotationParser::parseAnnotations (37 bytes)
Total: 1

VM state: not at safepoint (normal execution)

VM Mutex/Monitor currently owned by a thread: None

Heap address: 0x00000000c0000000, size: 1024 MB, Compressed Oops mode: 32-bit

CDS archive(s) mapped at: [0x00007f6507000000-0x00007f6507bba000-0x00007f6507bba000), size 12296192, SharedBaseAddress: 0x00007f6507000000, ArchiveRelocationMode: 1.
Compressed class space mapped at: 0x00007f6508000000-0x00007f6548000000, reserved size: 1073741824
Narrow klass base: 0x00007f6507000000, Narrow klass shift: 0, Narrow klass range: 0x100000000

GC Precious Log:
 CardTable entry size: 512
 Card Set container configuration: InlinePtr #cards 5 size 8 Array Of Cards #cards 12 size 40 Howl #buckets 4 coarsen threshold 1843 Howl Bitmap #cards 512 size 80 coarsen threshold 460 Card regions per heap region 1 cards per card region 2048
 CPUs: 4 total, 4 available
 Memory: 5400M
 Large Page Support: Disabled
 NUMA Support: Disabled
 Compressed Oops: Enabled (32-bit)
 Heap Region Size: 1M
 Heap Min Capacity: 8M
 Heap Initial Capacity: 86M
 Heap Max Capacity: 1G
 Pre-touch: Disabled
 Parallel Workers: 4
 Concurrent Workers: 1
 Concurrent Refinement Workers: 4
 Periodic GC: Disabled

Heap:
 garbage-first heap   total 103424K, used 64198K [0x00000000c0000000, 0x0000000100000000)
  region size 1024K, 29 young (29696K), 5 survivors (5120K)
 Metaspace       used 55498K, committed 57216K, reserved 1114112K
  class space    used 8121K, committed 8960K, reserved 1048576K

Heap Regions: E=young(eden), S=young(survivor), O=old, HS=humongous(starts), HC=humongous(continues), CS=collection set, F=free, TAMS=top-at-mark-start, PB=parsable bottom
|   0|0x00000000c0000000, 0x00000000c0100000, 0x00000000c0100000|100%|HS|  |TAMS 0x00000000c0000000| PB 0x00000000c0000000| Complete 
|   1|0x00000000c0100000, 0x00000000c0200000, 0x00000000c0200000|100%|HC|  |TAMS 0x00000000c0100000| PB 0x00000000c0100000| Complete 
|   2|0x00000000c0200000, 0x00000000c0300000, 0x00000000c0300000|100%|HC|  |TAMS 0x00000000c0200000| PB 0x00000000c0200000| Complete 
|   3|0x00000000c0300000, 0x00000000c0400000, 0x00000000c0400000|100%| O|  |TAMS 0x00000000c0300000| PB 0x00000000c0300000| Untracked 
|   4|0x00000000c0400000, 0x00000000c0500000, 0x00000000c0500000|100%| O|  |TAMS 0x00000000c0400000| PB 0x00000000c0400000| Untracked 
|   5|0x00000000c0500000, 0x00000000c0600000, 0x00000000c0600000|100%| O|  |TAMS 0x00000000c0500000| PB 0x00000000c0500000| Untracked 
|   6|0x00000000c0600000, 0x00000000c0700000, 0x00000000c0700000|100%| O|  |TAMS 0x00000000c0600000| PB 0x00000000c0600000| Untracked 
|   7|0x00000000c0700000, 0x00000000c0800000, 0x00000000c0800000|100%|HS|  |TAMS 0x00000000c0700000| PB 0x00000000c0700000| Complete 
|   8|0x00000000c0800000, 0x00000000c0900000, 0x00000000c0900000|100%| O|  |TAMS 0x00000000c0800000| PB 0x00000000c0800000| Untracked 
|   9|0x00000000c0900000, 0x00000000c0a00000, 0x00000000c0a00000|100%| O|  |TAMS 0x00000000c0900000| PB 0x00000000c0900000| Untracked 
|  10|0x00000000c0a00000, 0x00000000c0b00000, 0x00000000c0b00000|100%| O|  |TAMS 0x00000000c0a00000| PB 0x00000000c0a00000| Untracked 
|  11|0x00000000c0b00000, 0x00000000c0c00000, 0x00000000c0c00000|100%| O|  |TAMS 0x00000000c0b00000| PB 0x00000000c0b00000| Untracked 
|  12|0x00000000c0c00000, 0x00000000c0d00000, 0x00000000c0d00000|100%| O|  |TAMS 0x00000000c0c00000| PB 0x00000000c0c00000| Untracked 
|  13|0x00000000c0d00000, 0x00000000c0e00000, 0x00000000c0e00000|100%| O|  |TAMS 0x00000000c0d00000| PB 0x00000000c0d00000| Untracked 
|  14|0x00000000c0e00000, 0x00000000c0f00000, 0x00000000c0f00000|100%| O|  |TAMS 0x00000000c0e00000| PB 0x00000000c0e00000| Untracked 
|  15|0x00000000c0f00000, 0x00000000c1000000, 0x00000000c1000000|100%| O|  |TAMS 0x00000000c0f00000| PB 0x00000000c0f00000| Untracked 
|  16|0x00000000c1000000, 0x00000000c1100000, 0x00000000c1100000|100%| O|  |TAMS 0x00000000c1000000| PB 0x00000000c1000000| Untracked 
|  17|0x00000000c1100000, 0x00000000c1200000, 0x00000000c1200000|100%| O|  |TAMS 0x00000000c1100000| PB 0x00000000c1100000| Untracked 
|  18|0x00000000c1200000, 0x00000000c1300000, 0x00000000c1300000|100%| O|  |TAMS 0x00000000c1200000| PB 0x00000000c1200000| Untracked 
|  19|0x00000000c1300000, 0x00000000c1400000, 0x00000000c1400000|100%| O|  |TAMS 0x00000000c1300000| PB 0x00000000c1300000| Untracked 
|  20|0x00000000c1400000, 0x00000000c1500000, 0x00000000c1500000|100%| O|  |TAMS 0x00000000c1400000| PB 0x00000000c1400000| Untracked 
|  21|0x00000000c1500000, 0x00000000c1600000, 0x00000000c1600000|100%| O|  |TAMS 0x00000000c1500000| PB 0x00000000c1500000| Untracked 
|  22|0x00000000c1600000, 0x00000000c1700000, 0x00000000c1700000|100%| O|  |TAMS 0x00000000c1600000| PB 0x00000000c1600000| Untracked 
|  23|0x00000000c1700000, 0x00000000c1800000, 0x00000000c1800000|100%| O|  |TAMS 0x00000000c1700000| PB 0x00000000c1700000| Untracked 
|  24|0x00000000c1800000, 0x00000000c1900000, 0x00000000c1900000|100%| O|  |TAMS 0x00000000c1800000| PB 0x00000000c1800000| Untracked 
|  25|0x00000000c1900000, 0x00000000c1a00000, 0x00000000c1a00000|100%| O|  |TAMS 0x00000000c1900000| PB 0x00000000c1900000| Untracked 
|  26|0x00000000c1a00000, 0x00000000c1b00000, 0x00000000c1b00000|100%| O|  |TAMS 0x00000000c1a00000| PB 0x00000000c1a00000| Untracked 
|  27|0x00000000c1b00000, 0x00000000c1b76090, 0x00000000c1c00000| 46%| O|  |TAMS 0x00000000c1b00000| PB 0x00000000c1b00000| Untracked 
|  28|0x00000000c1c00000, 0x00000000c1c00000, 0x00000000c1d00000|  0%| F|  |TAMS 0x00000000c1c00000| PB 0x00000000c1c00000| Untracked 
|  29|0x00000000c1d00000, 0x00000000c1e00000, 0x00000000c1e00000|100%| O|  |TAMS 0x00000000c1d00000| PB 0x00000000c1d00000| Untracked 
|  30|0x00000000c1e00000, 0x00000000c1f00000, 0x00000000c1f00000|100%| O|  |TAMS 0x00000000c1e00000| PB 0x00000000c1e00000| Untracked 
|  31|0x00000000c1f00000, 0x00000000c2000000, 0x00000000c2000000|100%| O|  |TAMS 0x00000000c1f00000| PB 0x00000000c1f00000| Untracked 
|  32|0x00000000c2000000, 0x00000000c2000000, 0x00000000c2100000|  0%| F|  |TAMS 0x00000000c2000000| PB 0x00000000c2000000| Untracked 
|  33|0x00000000c2100000, 0x00000000c2100000, 0x00000000c2200000|  0%| F|  |TAMS 0x00000000c2100000| PB 0x00000000c2100000| Untracked 
|  34|0x00000000c2200000, 0x00000000c2200000, 0x00000000c2300000|  0%| F|  |TAMS 0x00000000c2200000| PB 0x00000000c2200000| Untracked 
|  35|0x00000000c2300000, 0x00000000c2300000, 0x00000000c2400000|  0%| F|  |TAMS 0x00000000c2300000| PB 0x00000000c2300000| Untracked 
|  36|0x00000000c2400000, 0x00000000c2400000, 0x00000000c2500000|  0%| F|  |TAMS 0x00000000c2400000| PB 0x00000000c2400000| Untracked 
|  37|0x00000000c2500000, 0x00000000c2500000, 0x00000000c2600000|  0%| F|  |TAMS 0x00000000c2500000| PB 0x00000000c2500000| Untracked 
|  38|0x00000000c2600000, 0x00000000c263bad8, 0x00000000c2700000| 23%| S|CS|TAMS 0x00000000c2600000| PB 0x00000000c2600000| Complete 
|  39|0x00000000c2700000, 0x00000000c2800000, 0x00000000c2800000|100%| O|  |TAMS 0x00000000c2700000| PB 0x00000000c2700000| Untracked 
|  40|0x00000000c2800000, 0x00000000c2900000, 0x00000000c2900000|100%| O|  |TAMS 0x00000000c2800000| PB 0x00000000c2800000| Untracked 
|  41|0x00000000c2900000, 0x00000000c2a00000, 0x00000000c2a00000|100%| O|  |TAMS 0x00000000c2900000| PB 0x00000000c2900000| Untracked 
|  42|0x00000000c2a00000, 0x00000000c2b00000, 0x00000000c2b00000|100%| O|  |TAMS 0x00000000c2a00000| PB 0x00000000c2a00000| Untracked 
|  43|0x00000000c2b00000, 0x00000000c2c00000, 0x00000000c2c00000|100%| S|CS|TAMS 0x00000000c2b00000| PB 0x00000000c2b00000| Complete 
|  44|0x00000000c2c00000, 0x00000000c2d00000, 0x00000000c2d00000|100%| S|CS|TAMS 0x00000000c2c00000| PB 0x00000000c2c00000| Complete 
|  45|0x00000000c2d00000, 0x00000000c2e00000, 0x00000000c2e00000|100%| S|CS|TAMS 0x00000000c2d00000| PB 0x00000000c2d00000| Complete 
|  46|0x00000000c2e00000, 0x00000000c2e00000, 0x00000000c2f00000|  0%| F|  |TAMS 0x00000000c2e00000| PB 0x00000000c2e00000| Untracked 
|  47|0x00000000c2f00000, 0x00000000c2f00000, 0x00000000c3000000|  0%| F|  |TAMS 0x00000000c2f00000| PB 0x00000000c2f00000| Untracked 
|  48|0x00000000c3000000, 0x00000000c3000000, 0x00000000c3100000|  0%| F|  |TAMS 0x00000000c3000000| PB 0x00000000c3000000| Untracked 
|  49|0x00000000c3100000, 0x00000000c3200000, 0x00000000c3200000|100%| S|CS|TAMS 0x00000000c3100000| PB 0x00000000c3100000| Complete 
|  50|0x00000000c3200000, 0x00000000c3200000, 0x00000000c3300000|  0%| F|  |TAMS 0x00000000c3200000| PB 0x00000000c3200000| Untracked 
|  51|0x00000000c3300000, 0x00000000c3300000, 0x00000000c3400000|  0%| F|  |TAMS 0x00000000c3300000| PB 0x00000000c3300000| Untracked 
|  52|0x00000000c3400000, 0x00000000c3400000, 0x00000000c3500000|  0%| F|  |TAMS 0x00000000c3400000| PB 0x00000000c3400000| Untracked 
|  53|0x00000000c3500000, 0x00000000c3500000, 0x00000000c3600000|  0%| F|  |TAMS 0x00000000c3500000| PB 0x00000000c3500000| Untracked 
|  54|0x00000000c3600000, 0x00000000c3600000, 0x00000000c3700000|  0%| F|  |TAMS 0x00000000c3600000| PB 0x00000000c3600000| Untracked 
|  55|0x00000000c3700000, 0x00000000c3700000, 0x00000000c3800000|  0%| F|  |TAMS 0x00000000c3700000| PB 0x00000000c3700000| Untracked 
|  56|0x00000000c3800000, 0x00000000c3800000, 0x00000000c3900000|  0%| F|  |TAMS 0x00000000c3800000| PB 0x00000000c3800000| Untracked 
|  57|0x00000000c3900000, 0x00000000c3900000, 0x00000000c3a00000|  0%| F|  |TAMS 0x00000000c3900000| PB 0x00000000c3900000| Untracked 
|  58|0x00000000c3a00000, 0x00000000c3a00000, 0x00000000c3b00000|  0%| F|  |TAMS 0x00000000c3a00000| PB 0x00000000c3a00000| Untracked 
|  59|0x00000000c3b00000, 0x00000000c3b00000, 0x00000000c3c00000|  0%| F|  |TAMS 0x00000000c3b00000| PB 0x00000000c3b00000| Untracked 
|  60|0x00000000c3c00000, 0x00000000c3c00000, 0x00000000c3d00000|  0%| F|  |TAMS 0x00000000c3c00000| PB 0x00000000c3c00000| Untracked 
|  61|0x00000000c3d00000, 0x00000000c3d00000, 0x00000000c3e00000|  0%| F|  |TAMS 0x00000000c3d00000| PB 0x00000000c3d00000| Untracked 
|  62|0x00000000c3e00000, 0x00000000c3e00000, 0x00000000c3f00000|  0%| F|  |TAMS 0x00000000c3e00000| PB 0x00000000c3e00000| Untracked 
|  63|0x00000000c3f00000, 0x00000000c3f00000, 0x00000000c4000000|  0%| F|  |TAMS 0x00000000c3f00000| PB 0x00000000c3f00000| Untracked 
|  64|0x00000000c4000000, 0x00000000c4000000, 0x00000000c4100000|  0%| F|  |TAMS 0x00000000c4000000| PB 0x00000000c4000000| Untracked 
|  65|0x00000000c4100000, 0x00000000c4100000, 0x00000000c4200000|  0%| F|  |TAMS 0x00000000c4100000| PB 0x00000000c4100000| Untracked 
|  66|0x00000000c4200000, 0x00000000c4200000, 0x00000000c4300000|  0%| F|  |TAMS 0x00000000c4200000| PB 0x00000000c4200000| Untracked 
|  67|0x00000000c4300000, 0x00000000c4300000, 0x00000000c4400000|  0%| F|  |TAMS 0x00000000c4300000| PB 0x00000000c4300000| Untracked 
|  68|0x00000000c4400000, 0x00000000c4400000, 0x00000000c4500000|  0%| F|  |TAMS 0x00000000c4400000| PB 0x00000000c4400000| Untracked 
|  69|0x00000000c4500000, 0x00000000c4500000, 0x00000000c4600000|  0%| F|  |TAMS 0x00000000c4500000| PB 0x00000000c4500000| Untracked 
|  70|0x00000000c4600000, 0x00000000c4600000, 0x00000000c4700000|  0%| F|  |TAMS 0x00000000c4600000| PB 0x00000000c4600000| Untracked 
|  71|0x00000000c4700000, 0x00000000c4700000, 0x00000000c4800000|  0%| F|  |TAMS 0x00000000c4700000| PB 0x00000000c4700000| Untracked 
|  72|0x00000000c4800000, 0x00000000c4800000, 0x00000000c4900000|  0%| F|  |TAMS 0x00000000c4800000| PB 0x00000000c4800000| Untracked 
|  73|0x00000000c4900000, 0x00000000c4900000, 0x00000000c4a00000|  0%| F|  |TAMS 0x00000000c4900000| PB 0x00000000c4900000| Untracked 
|  74|0x00000000c4a00000, 0x00000000c4a00000, 0x00000000c4b00000|  0%| F|  |TAMS 0x00000000c4a00000| PB 0x00000000c4a00000| Untracked 
|  75|0x00000000c4b00000, 0x00000000c4b00000, 0x00000000c4c00000|  0%| F|  |TAMS 0x00000000c4b00000| PB 0x00000000c4b00000| Untracked 
|  76|0x00000000c4c00000, 0x00000000c4c80000, 0x00000000c4d00000| 50%| E|  |TAMS 0x00000000c4c00000| PB 0x00000000c4c00000| Complete 
|  77|0x00000000c4d00000, 0x00000000c4e00000, 0x00000000c4e00000|100%| E|CS|TAMS 0x00000000c4d00000| PB 0x00000000c4d00000| Complete 
|  78|0x00000000c4e00000, 0x00000000c4f00000, 0x00000000c4f00000|100%| E|CS|TAMS 0x00000000c4e00000| PB 0x00000000c4e00000| Complete 
|  79|0x00000000c4f00000, 0x00000000c5000000, 0x00000000c5000000|100%| E|CS|TAMS 0x00000000c4f00000| PB 0x00000000c4f00000| Complete 
|  80|0x00000000c5000000, 0x00000000c5100000, 0x00000000c5100000|100%| E|CS|TAMS 0x00000000c5000000| PB 0x00000000c5000000| Complete 
|  81|0x00000000c5100000, 0x00000000c5200000, 0x00000000c5200000|100%| E|CS|TAMS 0x00000000c5100000| PB 0x00000000c5100000| Complete 
|  82|0x00000000c5200000, 0x00000000c5300000, 0x00000000c5300000|100%| E|CS|TAMS 0x00000000c5200000| PB 0x00000000c5200000| Complete 
|  83|0x00000000c5300000, 0x00000000c5400000, 0x00000000c5400000|100%| E|CS|TAMS 0x00000000c5300000| PB 0x00000000c5300000| Complete 
|  84|0x00000000c5400000, 0x00000000c5500000, 0x00000000c5500000|100%| E|CS|TAMS 0x00000000c5400000| PB 0x00000000c5400000| Complete 
|  85|0x00000000c5500000, 0x00000000c5600000, 0x00000000c5600000|100%| E|CS|TAMS 0x00000000c5500000| PB 0x00000000c5500000| Complete 
|  86|0x00000000c5600000, 0x00000000c5700000, 0x00000000c5700000|100%| E|CS|TAMS 0x00000000c5600000| PB 0x00000000c5600000| Complete 
|  87|0x00000000c5700000, 0x00000000c5800000, 0x00000000c5800000|100%| E|CS|TAMS 0x00000000c5700000| PB 0x00000000c5700000| Complete 
|  88|0x00000000c5800000, 0x00000000c5900000, 0x00000000c5900000|100%| E|CS|TAMS 0x00000000c5800000| PB 0x00000000c5800000| Complete 
|  89|0x00000000c5900000, 0x00000000c5a00000, 0x00000000c5a00000|100%| E|CS|TAMS 0x00000000c5900000| PB 0x00000000c5900000| Complete 
|  90|0x00000000c5a00000, 0x00000000c5b00000, 0x00000000c5b00000|100%| E|CS|TAMS 0x00000000c5a00000| PB 0x00000000c5a00000| Complete 
|  91|0x00000000c5b00000, 0x00000000c5c00000, 0x00000000c5c00000|100%| E|CS|TAMS 0x00000000c5b00000| PB 0x00000000c5b00000| Complete 
|  92|0x00000000c5c00000, 0x00000000c5d00000, 0x00000000c5d00000|100%| E|CS|TAMS 0x00000000c5c00000| PB 0x00000000c5c00000| Complete 
|  93|0x00000000c5d00000, 0x00000000c5e00000, 0x00000000c5e00000|100%| E|CS|TAMS 0x00000000c5d00000| PB 0x00000000c5d00000| Complete 
|  94|0x00000000c5e00000, 0x00000000c5f00000, 0x00000000c5f00000|100%| E|CS|TAMS 0x00000000c5e00000| PB 0x00000000c5e00000| Complete 
|  95|0x00000000c5f00000, 0x00000000c6000000, 0x00000000c6000000|100%| E|CS|TAMS 0x00000000c5f00000| PB 0x00000000c5f00000| Complete 
|  96|0x00000000c6000000, 0x00000000c6100000, 0x00000000c6100000|100%| E|CS|TAMS 0x00000000c6000000| PB 0x00000000c6000000| Complete 
|  97|0x00000000c6100000, 0x00000000c6200000, 0x00000000c6200000|100%| E|CS|TAMS 0x00000000c6100000| PB 0x00000000c6100000| Complete 
|  98|0x00000000c6200000, 0x00000000c6300000, 0x00000000c6300000|100%| E|CS|TAMS 0x00000000c6200000| PB 0x00000000c6200000| Complete 
|1022|0x00000000ffe00000, 0x00000000fff00000, 0x00000000fff00000|100%| O|  |TAMS 0x00000000ffe00000| PB 0x00000000ffe00000| Untracked 
|1023|0x00000000fff00000, 0x0000000100000000, 0x0000000100000000|100%| E|CS|TAMS 0x00000000fff00000| PB 0x00000000fff00000| Complete 

Card table byte_map: [0x00007f657c200000,0x00007f657c400000] _byte_map_base: 0x00007f657bc00000

Marking Bits: (CMBitMap*) 0x00007f657806a560
 Bits: [0x00007f6564e00000, 0x00007f6565e00000)

Polling page: 0x00007f657e630000

Metaspace:

Usage:
  Non-class:     46.27 MB used.
      Class:      7.93 MB used.
       Both:     54.20 MB used.

Virtual space:
  Non-class space:       64.00 MB reserved,      47.12 MB ( 74%) committed,  1 nodes.
      Class space:        1.00 GB reserved,       8.75 MB ( <1%) committed,  1 nodes.
             Both:        1.06 GB reserved,      55.88 MB (  5%) committed. 

Chunk freelists:
   Non-Class:  864.00 KB
       Class:  7.07 MB
        Both:  7.92 MB

MaxMetaspaceSize: unlimited
CompressedClassSpaceSize: 1.00 GB
Initial GC threshold: 21.00 MB
Current GC threshold: 59.00 MB
CDS: on
 - commit_granule_bytes: 65536.
 - commit_granule_words: 8192.
 - virtual_space_node_default_size: 8388608.
 - enlarge_chunks_in_place: 1.
 - use_allocation_guard: 0.


Internal statistics:

num_allocs_failed_limit: 6.
num_arena_births: 3174.
num_arena_deaths: 0.
num_vsnodes_births: 2.
num_vsnodes_deaths: 0.
num_space_committed: 894.
num_space_uncommitted: 0.
num_chunks_returned_to_freelist: 6.
num_chunks_taken_from_freelist: 5886.
num_chunk_merges: 6.
num_chunk_splits: 3817.
num_chunks_enlarged: 2286.
num_inconsistent_stats: 0.

CodeHeap 'non-profiled nmethods': size=120032Kb used=2726Kb max_used=2726Kb free=117305Kb
 bounds [0x00007f656d8c8000, 0x00007f656db78000, 0x00007f6574e00000]
CodeHeap 'profiled nmethods': size=120028Kb used=10111Kb max_used=10111Kb free=109916Kb
 bounds [0x00007f6565e00000, 0x00007f65667e0000, 0x00007f656d337000]
CodeHeap 'non-nmethods': size=5700Kb used=2749Kb max_used=2770Kb free=2950Kb
 bounds [0x00007f656d337000, 0x00007f656d5f7000, 0x00007f656d8c8000]
CodeCache: size=245760Kb, used=15586Kb, max_used=15607Kb, free=230171Kb
 total_blobs=6237, nmethods=5342, adapters=801, full_count=0
Compilation: enabled, stopped_count=0, restarted_count=0

Compilation events (20 events):
Event: 42.084 Thread 0x00007f6578109580 5683       3       java.lang.ThreadLocal::remove (16 bytes)
Event: 42.085 Thread 0x00007f6578109580 nmethod 5683 0x00007f65667a2a10 code [0x00007f65667a2bc0, 0x00007f65667a2e18]
Event: 42.085 Thread 0x00007f6578109580 5682       3       java.lang.ThreadLocal::remove (8 bytes)
Event: 42.085 Thread 0x00007f6578109580 nmethod 5682 0x00007f65667a2f90 code [0x00007f65667a3140, 0x00007f65667a3418]
Event: 42.088 Thread 0x00007f6578109580 5684       3       java.lang.ThreadLocal$ThreadLocalMap::cleanSomeSlots (61 bytes)
Event: 42.089 Thread 0x00007f6578109580 nmethod 5684 0x00007f65667a3590 code [0x00007f65667a3780, 0x00007f65667a3c70]
Event: 42.123 Thread 0x00007f6578109580 5685       3       org.gradle.model.internal.asm.MethodVisitorScope::_INVOKESPECIAL (9 bytes)
Event: 42.124 Thread 0x00007f6578109580 nmethod 5685 0x00007f65667a3e90 code [0x00007f65667a4040, 0x00007f65667a4200]
Event: 42.240 Thread 0x00007f6578109580 5686       3       com.google.common.reflect.TypeResolver::resolveType (74 bytes)
Event: 42.241 Thread 0x00007f6578109580 nmethod 5686 0x00007f65667a4310 code [0x00007f65667a45c0, 0x00007f65667a5438]
Event: 42.248 Thread 0x00007f6578109580 5687       3       java.lang.Long::bitCount (61 bytes)
Event: 42.249 Thread 0x00007f6578109580 nmethod 5687 0x00007f65667a5690 code [0x00007f65667a5820, 0x00007f65667a5988]
Event: 42.288 Thread 0x00007f6578109580 5689       3       com.google.common.cache.LocalCache$Segment::newEntryArray (9 bytes)
Event: 42.289 Thread 0x00007f6578109580 nmethod 5689 0x00007f65667a5a10 code [0x00007f65667a5bc0, 0x00007f65667a5ed0]
Event: 42.289 Thread 0x00007f6578109580 5688       3       com.google.common.cache.LocalCache::customWeigher (16 bytes)
Event: 42.290 Thread 0x00007f6578109580 nmethod 5688 0x00007f65667a6010 code [0x00007f65667a61a0, 0x00007f65667a6308]
Event: 42.310 Thread 0x00007f6578109580 5692       3       org.objectweb.asm.Frame::getInitializedType (163 bytes)
Event: 42.311 Thread 0x00007f6578109580 nmethod 5692 0x00007f65667a6390 code [0x00007f65667a65a0, 0x00007f65667a6ae8]
Event: 42.311 Thread 0x00007f6578109580 5693       3       org.gradle.internal.instantiation.generator.AsmBackedClassGenerator$ClassBuilderImpl::access$6000 (4 bytes)
Event: 42.312 Thread 0x00007f6578109580 nmethod 5693 0x00007f65667a6d90 code [0x00007f65667a6f20, 0x00007f65667a7010]

GC Heap History (20 events):
Event: 2.034 GC heap before
{Heap before GC invocations=1 (full 0):
 garbage-first heap   total 90112K, used 29554K [0x00000000c0000000, 0x0000000100000000)
  region size 1024K, 26 young (26624K), 1 survivors (1024K)
 Metaspace       used 3774K, committed 3968K, reserved 1114112K
  class space    used 491K, committed 576K, reserved 1048576K
}
Event: 2.049 GC heap after
{Heap after GC invocations=2 (full 0):
 garbage-first heap   total 90112K, used 11435K [0x00000000c0000000, 0x0000000100000000)
  region size 1024K, 4 young (4096K), 4 survivors (4096K)
 Metaspace       used 3774K, committed 3968K, reserved 1114112K
  class space    used 491K, committed 576K, reserved 1048576K
}
Event: 3.430 GC heap before
{Heap before GC invocations=2 (full 0):
 garbage-first heap   total 90112K, used 60587K [0x00000000c0000000, 0x0000000100000000)
  region size 1024K, 51 young (52224K), 4 survivors (4096K)
 Metaspace       used 6422K, committed 6720K, reserved 1114112K
  class space    used 868K, committed 1024K, reserved 1048576K
}
Event: 3.462 GC heap after
{Heap after GC invocations=3 (full 0):
 garbage-first heap   total 90112K, used 17977K [0x00000000c0000000, 0x0000000100000000)
  region size 1024K, 7 young (7168K), 7 survivors (7168K)
 Metaspace       used 6422K, committed 6720K, reserved 1114112K
  class space    used 868K, committed 1024K, reserved 1048576K
}
Event: 6.144 GC heap before
{Heap before GC invocations=3 (full 0):
 garbage-first heap   total 90112K, used 62009K [0x00000000c0000000, 0x0000000100000000)
  region size 1024K, 51 young (52224K), 7 survivors (7168K)
 Metaspace       used 15183K, committed 15616K, reserved 1114112K
  class space    used 2134K, committed 2304K, reserved 1048576K
}
Event: 6.190 GC heap after
{Heap after GC invocations=4 (full 0):
 garbage-first heap   total 90112K, used 21379K [0x00000000c0000000, 0x0000000100000000)
  region size 1024K, 3 young (3072K), 3 survivors (3072K)
 Metaspace       used 15183K, committed 15616K, reserved 1114112K
  class space    used 2134K, committed 2304K, reserved 1048576K
}
Event: 8.221 GC heap before
{Heap before GC invocations=4 (full 0):
 garbage-first heap   total 90112K, used 64387K [0x00000000c0000000, 0x0000000100000000)
  region size 1024K, 46 young (47104K), 3 survivors (3072K)
 Metaspace       used 20738K, committed 21504K, reserved 1114112K
  class space    used 3083K, committed 3456K, reserved 1048576K
}
Event: 8.254 GC heap after
{Heap after GC invocations=5 (full 0):
 garbage-first heap   total 90112K, used 24519K [0x00000000c0000000, 0x0000000100000000)
  region size 1024K, 6 young (6144K), 6 survivors (6144K)
 Metaspace       used 20738K, committed 21504K, reserved 1114112K
  class space    used 3083K, committed 3456K, reserved 1048576K
}
Event: 16.830 GC heap before
{Heap before GC invocations=6 (full 0):
 garbage-first heap   total 86016K, used 69575K [0x00000000c0000000, 0x0000000100000000)
  region size 1024K, 50 young (51200K), 6 survivors (6144K)
 Metaspace       used 27136K, committed 28096K, reserved 1114112K
  class space    used 4145K, committed 4608K, reserved 1048576K
}
Event: 16.868 GC heap after
{Heap after GC invocations=7 (full 0):
 garbage-first heap   total 86016K, used 27104K [0x00000000c0000000, 0x0000000100000000)
  region size 1024K, 6 young (6144K), 6 survivors (6144K)
 Metaspace       used 27136K, committed 28096K, reserved 1114112K
  class space    used 4145K, committed 4608K, reserved 1048576K
}
Event: 18.614 GC heap before
{Heap before GC invocations=7 (full 0):
 garbage-first heap   total 86016K, used 70112K [0x00000000c0000000, 0x0000000100000000)
  region size 1024K, 49 young (50176K), 6 survivors (6144K)
 Metaspace       used 32248K, committed 33216K, reserved 1114112K
  class space    used 4667K, committed 5120K, reserved 1048576K
}
Event: 18.670 GC heap after
{Heap after GC invocations=8 (full 0):
 garbage-first heap   total 86016K, used 32132K [0x00000000c0000000, 0x0000000100000000)
  region size 1024K, 7 young (7168K), 7 survivors (7168K)
 Metaspace       used 32248K, committed 33216K, reserved 1114112K
  class space    used 4667K, committed 5120K, reserved 1048576K
}
Event: 19.950 GC heap before
{Heap before GC invocations=8 (full 0):
 garbage-first heap   total 86016K, used 53636K [0x00000000c0000000, 0x0000000100000000)
  region size 1024K, 25 young (25600K), 7 survivors (7168K)
 Metaspace       used 35053K, committed 36096K, reserved 1114112K
  class space    used 5020K, committed 5504K, reserved 1048576K
}
Event: 20.006 GC heap after
{Heap after GC invocations=9 (full 0):
 garbage-first heap   total 103424K, used 34263K [0x00000000c0000000, 0x0000000100000000)
  region size 1024K, 2 young (2048K), 2 survivors (2048K)
 Metaspace       used 35053K, committed 36096K, reserved 1114112K
  class space    used 5020K, committed 5504K, reserved 1048576K
}
Event: 25.826 GC heap before
{Heap before GC invocations=10 (full 0):
 garbage-first heap   total 103424K, used 89559K [0x00000000c0000000, 0x0000000100000000)
  region size 1024K, 54 young (55296K), 2 survivors (2048K)
 Metaspace       used 40427K, committed 41920K, reserved 1114112K
  class space    used 5793K, committed 6528K, reserved 1048576K
}
Event: 25.848 GC heap after
{Heap after GC invocations=11 (full 0):
 garbage-first heap   total 103424K, used 36707K [0x00000000c0000000, 0x0000000100000000)
  region size 1024K, 5 young (5120K), 5 survivors (5120K)
 Metaspace       used 40427K, committed 41920K, reserved 1114112K
  class space    used 5793K, committed 6528K, reserved 1048576K
}
Event: 33.680 GC heap before
{Heap before GC invocations=11 (full 0):
 garbage-first heap   total 103424K, used 88931K [0x00000000c0000000, 0x0000000100000000)
  region size 1024K, 56 young (57344K), 5 survivors (5120K)
 Metaspace       used 46767K, committed 48384K, reserved 1114112K
  class space    used 6819K, committed 7616K, reserved 1048576K
}
Event: 33.706 GC heap after
{Heap after GC invocations=12 (full 0):
 garbage-first heap   total 103424K, used 39437K [0x00000000c0000000, 0x0000000100000000)
  region size 1024K, 6 young (6144K), 6 survivors (6144K)
 Metaspace       used 46767K, committed 48384K, reserved 1114112K
  class space    used 6819K, committed 7616K, reserved 1048576K
}
Event: 41.057 GC heap before
{Heap before GC invocations=12 (full 0):
 garbage-first heap   total 103424K, used 90637K [0x00000000c0000000, 0x0000000100000000)
  region size 1024K, 56 young (57344K), 6 survivors (6144K)
 Metaspace       used 53210K, committed 54912K, reserved 1114112K
  class space    used 7711K, committed 8512K, reserved 1048576K
}
Event: 41.103 GC heap after
{Heap after GC invocations=13 (full 0):
 garbage-first heap   total 103424K, used 40646K [0x00000000c0000000, 0x0000000100000000)
  region size 1024K, 5 young (5120K), 5 survivors (5120K)
 Metaspace       used 53210K, committed 54912K, reserved 1114112K
  class space    used 7711K, committed 8512K, reserved 1048576K
}

Dll operation events (13 events):
Event: 0.004 Loaded shared library /home/elonmusk/.cursor/extensions/redhat.java-1.55.0-linux-x64/jre/21.0.11-linux-x86_64/lib/libjava.so
Event: 0.220 Loaded shared library /home/elonmusk/.cursor/extensions/redhat.java-1.55.0-linux-x64/jre/21.0.11-linux-x86_64/lib/libzip.so
Event: 0.311 Loaded shared library /home/elonmusk/.cursor/extensions/redhat.java-1.55.0-linux-x64/jre/21.0.11-linux-x86_64/lib/libinstrument.so
Event: 0.323 Loaded shared library /home/elonmusk/.cursor/extensions/redhat.java-1.55.0-linux-x64/jre/21.0.11-linux-x86_64/lib/libnio.so
Event: 0.333 Loaded shared library /home/elonmusk/.cursor/extensions/redhat.java-1.55.0-linux-x64/jre/21.0.11-linux-x86_64/lib/libzip.so
Event: 0.780 Loaded shared library /home/elonmusk/.cursor/extensions/redhat.java-1.55.0-linux-x64/jre/21.0.11-linux-x86_64/lib/libjimage.so
Event: 1.156 Loaded shared library /home/elonmusk/.cursor/extensions/redhat.java-1.55.0-linux-x64/jre/21.0.11-linux-x86_64/lib/libverify.so
Event: 1.456 Loaded shared library /home/elonmusk/.cursor/extensions/redhat.java-1.55.0-linux-x64/jre/21.0.11-linux-x86_64/lib/libnet.so
Event: 1.459 Loaded shared library /home/elonmusk/.gradle/native/1def1411415f61bf3af743bc5b6707747c0891f09f0c88961ee8f79bc544acac/linux-amd64/libnative-platform.so
Event: 1.490 Loaded shared library /home/elonmusk/.gradle/native/0.2.7/x86_64-linux-gnu/libgradle-fileevents.so
Event: 3.380 Loaded shared library /home/elonmusk/.cursor/extensions/redhat.java-1.55.0-linux-x64/jre/21.0.11-linux-x86_64/lib/libmanagement.so
Event: 3.386 Loaded shared library /home/elonmusk/.cursor/extensions/redhat.java-1.55.0-linux-x64/jre/21.0.11-linux-x86_64/lib/libmanagement_ext.so
Event: 3.716 Loaded shared library /home/elonmusk/.cursor/extensions/redhat.java-1.55.0-linux-x64/jre/21.0.11-linux-x86_64/lib/libextnet.so

Deoptimization events (20 events):
Event: 41.321 Thread 0x00007f64c000a350 Uncommon trap: trap_request=0xffffff45 fr.pc=0x00007f656d9811c4 relative=0x00000000000000a4
Event: 41.321 Thread 0x00007f64c000a350 Uncommon trap: reason=unstable_if action=reinterpret pc=0x00007f656d9811c4 method=java.lang.ref.ReferenceQueue.poll()Ljava/lang/ref/Reference; @ 4 c2
Event: 41.321 Thread 0x00007f64c000a350 DEOPT PACKING pc=0x00007f656d9811c4 sp=0x00007f6554aeefa0
Event: 41.321 Thread 0x00007f64c000a350 DEOPT UNPACKING pc=0x00007f656d38af93 sp=0x00007f6554aeeea8 mode 2
Event: 41.650 Thread 0x00007f64c000a350 Uncommon trap: trap_request=0xffffffde fr.pc=0x00007f656dab2a5c relative=0x000000000000501c
Event: 41.650 Thread 0x00007f64c000a350 Uncommon trap: reason=class_check action=maybe_recompile pc=0x00007f656dab2a5c method=java.net.URLClassLoader.defineClass(Ljava/lang/String;Ljdk/internal/loader/Resource;)Ljava/lang/Class; @ 34 c2
Event: 41.650 Thread 0x00007f64c000a350 DEOPT PACKING pc=0x00007f656dab2a5c sp=0x00007f6554af12c0
Event: 41.650 Thread 0x00007f64c000a350 DEOPT UNPACKING pc=0x00007f656d38af93 sp=0x00007f6554af1270 mode 2
Event: 41.708 Thread 0x00007f64c000a350 Uncommon trap: trap_request=0xffffffde fr.pc=0x00007f656dab2a5c relative=0x000000000000501c
Event: 41.708 Thread 0x00007f64c000a350 Uncommon trap: reason=class_check action=maybe_recompile pc=0x00007f656dab2a5c method=java.net.URLClassLoader.defineClass(Ljava/lang/String;Ljdk/internal/loader/Resource;)Ljava/lang/Class; @ 34 c2
Event: 41.708 Thread 0x00007f64c000a350 DEOPT PACKING pc=0x00007f656dab2a5c sp=0x00007f6554af0300
Event: 41.708 Thread 0x00007f64c000a350 DEOPT UNPACKING pc=0x00007f656d38af93 sp=0x00007f6554af02b0 mode 2
Event: 41.717 Thread 0x00007f64c000a350 Uncommon trap: trap_request=0xffffffde fr.pc=0x00007f656dab2a5c relative=0x000000000000501c
Event: 41.717 Thread 0x00007f64c000a350 Uncommon trap: reason=class_check action=maybe_recompile pc=0x00007f656dab2a5c method=java.net.URLClassLoader.defineClass(Ljava/lang/String;Ljdk/internal/loader/Resource;)Ljava/lang/Class; @ 34 c2
Event: 41.717 Thread 0x00007f64c000a350 DEOPT PACKING pc=0x00007f656dab2a5c sp=0x00007f6554af0300
Event: 41.717 Thread 0x00007f64c000a350 DEOPT UNPACKING pc=0x00007f656d38af93 sp=0x00007f6554af02b0 mode 2
Event: 41.721 Thread 0x00007f64c000a350 Uncommon trap: trap_request=0xffffffde fr.pc=0x00007f656dab2a5c relative=0x000000000000501c
Event: 41.721 Thread 0x00007f64c000a350 Uncommon trap: reason=class_check action=maybe_recompile pc=0x00007f656dab2a5c method=java.net.URLClassLoader.defineClass(Ljava/lang/String;Ljdk/internal/loader/Resource;)Ljava/lang/Class; @ 34 c2
Event: 41.721 Thread 0x00007f64c000a350 DEOPT PACKING pc=0x00007f656dab2a5c sp=0x00007f6554af0300
Event: 41.721 Thread 0x00007f64c000a350 DEOPT UNPACKING pc=0x00007f656d38af93 sp=0x00007f6554af02b0 mode 2

Classes loaded (20 events):
Event: 36.859 Loading class sun/misc/SharedSecrets
Event: 36.859 Loading class sun/misc/SharedSecrets done
Event: 37.183 Loading class java/nio/channels/Channels$ReadableByteChannelImpl
Event: 37.183 Loading class java/nio/channels/Channels$ReadableByteChannelImpl done
Event: 37.927 Loading class java/util/EmptyStackException
Event: 37.927 Loading class java/util/EmptyStackException done
Event: 37.960 Loading class java/io/InvalidClassException
Event: 37.960 Loading class java/io/InvalidClassException done
Event: 38.502 Loading class java/util/Comparators$NaturalOrderComparator
Event: 38.503 Loading class java/util/Comparators$NaturalOrderComparator done
Event: 40.992 Loading class java/io/FileWriter
Event: 40.992 Loading class java/io/FileWriter done
Event: 41.324 Loading class sun/reflect/generics/tree/BooleanSignature
Event: 41.324 Loading class sun/reflect/generics/tree/BooleanSignature done
Event: 41.505 Loading class org/xml/sax/SAXParseException
Event: 41.505 Loading class org/xml/sax/SAXParseException done
Event: 41.505 Loading class org/xml/sax/Attributes
Event: 41.505 Loading class org/xml/sax/Attributes done
Event: 41.505 Loading class org/xml/sax/Locator
Event: 41.505 Loading class org/xml/sax/Locator done

Classes unloaded (0 events):
No events

Classes redefined (0 events):
No events

Internal exceptions (20 events):
Event: 31.164 Thread 0x00007f64c000a350 Exception <a 'java/lang/NoSuchMethodError'{0x00000000c43dee80}: 'int java.lang.invoke.DirectMethodHandle$Holder.invokeSpecialIFC(java.lang.Object, java.lang.Object, java.lang.Object)'> (0x00000000c43dee80) 
thrown [src/hotspot/share/interpreter/linkResolver.cpp, line 772]
Event: 31.414 Thread 0x00007f64c000a350 Implicit null exception at 0x00007f656db0156d to 0x00007f656db01714
Event: 31.462 Thread 0x00007f64c000a350 Exception <a 'java/lang/NoSuchMethodError'{0x00000000c3e6c778}: 'void java.lang.invoke.DirectMethodHandle$Holder.invokeStatic(java.lang.Object, java.lang.Object, java.lang.Object, int, java.lang.Object)'> (0x00000000c3e6c778) 
thrown [src/hotspot/share/interpreter/linkResolver.cpp, line 772]
Event: 31.524 Thread 0x00007f64c000a350 Exception <a 'java/lang/NoSuchMethodError'{0x00000000c3c0f2f8}: 'int java.lang.invoke.DirectMethodHandle$Holder.invokeInterface(java.lang.Object, java.lang.Object, java.lang.Object, java.lang.Object, java.lang.Object)'> (0x00000000c3c0f2f8) 
thrown [src/hotspot/share/interpreter/linkResolver.cpp, line 772]
Event: 31.769 Thread 0x00007f64c000a350 Exception <a 'java/lang/NoSuchMethodError'{0x00000000c3a54570}: 'java.lang.Object java.lang.invoke.DirectMethodHandle$Holder.invokeSpecial(java.lang.Object, java.lang.Object, long, java.lang.Object, java.lang.Object)'> (0x00000000c3a54570) 
thrown [src/hotspot/share/interpreter/linkResolver.cpp, line 772]
Event: 32.323 Thread 0x00007f64c000a350 Exception <a 'java/lang/NoSuchMethodError'{0x00000000c3606ff0}: 'java.lang.Object java.lang.invoke.DirectMethodHandle$Holder.newInvokeSpecial(java.lang.Object, java.lang.Object, java.lang.Object, java.lang.Object, int, java.lang.Object)'> (0x00000000c3606ff0) 
thrown [src/hotspot/share/interpreter/linkResolver.cpp, line 772]
Event: 32.324 Thread 0x00007f64c000a350 Exception <a 'java/lang/NoSuchMethodError'{0x00000000c360f690}: 'java.lang.Object java.lang.invoke.Invokers$Holder.linkToTargetMethod(java.lang.Object, java.lang.Object, java.lang.Object, int, java.lang.Object, java.lang.Object)'> (0x00000000c360f690) 
thrown [src/hotspot/share/interpreter/linkResolver.cpp, line 772]
Event: 32.650 Thread 0x00007f64c000a350 Exception <a 'java/lang/NoSuchMethodError'{0x00000000c33a84b0}: 'java.lang.Object java.lang.invoke.DirectMethodHandle$Holder.invokeSpecialIFC(java.lang.Object, java.lang.Object, java.lang.Object)'> (0x00000000c33a84b0) 
thrown [src/hotspot/share/interpreter/linkResolver.cpp, line 772]
Event: 34.835 Thread 0x00007f64c000a350 Implicit null exception at 0x00007f656d8fe1a2 to 0x00007f656d8fe710
Event: 35.016 Thread 0x00007f64c000a350 Implicit null exception at 0x00007f656d8e7922 to 0x00007f656d8e7e80
Event: 36.859 Thread 0x00007f64c000a350 Exception <a 'java/lang/ClassNotFoundException'{0x00000000c47463d8}: sun/misc/SharedSecrets> (0x00000000c47463d8) 
thrown [src/hotspot/share/classfile/systemDictionary.cpp, line 313]
Event: 38.404 Thread 0x00007f64c000a350 Exception <a 'java/lang/NoSuchMethodError'{0x00000000c3b81308}: 'void java.lang.invoke.DirectMethodHandle$Holder.invokeStatic(java.lang.Object, java.lang.Object, java.lang.Object, java.lang.Object, java.lang.Object, java.lang.Object, java.lang.Object)'> (0x00000000c3b81308) 
thrown [src/hotspot/share/interpreter/linkResolver.cpp, line 772]
Event: 41.225 Thread 0x00007f64c000a350 Exception <a 'java/lang/ClassNotFoundException'{0x00000000c614a128}: org/gradle/internal/metaobject/ConfigureDelegateBeanInfo> (0x00000000c614a128) 
thrown [src/hotspot/share/classfile/systemDictionary.cpp, line 313]
Event: 41.226 Thread 0x00007f64c000a350 Exception <a 'java/lang/ClassNotFoundException'{0x00000000c61551d8}: org/gradle/internal/metaobject/ConfigureDelegateCustomizer> (0x00000000c61551d8) 
thrown [src/hotspot/share/classfile/systemDictionary.cpp, line 313]
Event: 41.317 Thread 0x00007f64c000a350 Exception <a 'java/lang/ClassNotFoundException'{0x00000000c6085840}: org/gradle/api/internal/project/DefaultProject_DecoratedBeanInfo> (0x00000000c6085840) 
thrown [src/hotspot/share/classfile/systemDictionary.cpp, line 313]
Event: 41.318 Thread 0x00007f64c000a350 Exception <a 'java/lang/ClassNotFoundException'{0x00000000c6091810}: org/gradle/api/internal/project/DefaultProjectBeanInfo> (0x00000000c6091810) 
thrown [src/hotspot/share/classfile/systemDictionary.cpp, line 313]
Event: 41.319 Thread 0x00007f64c000a350 Exception <a 'java/lang/ClassNotFoundException'{0x00000000c609db48}: org/gradle/api/internal/project/DefaultProjectCustomizer> (0x00000000c609db48) 
thrown [src/hotspot/share/classfile/systemDictionary.cpp, line 313]
Event: 41.334 Thread 0x00007f64c000a350 Exception <a 'java/lang/ClassNotFoundException'{0x00000000c5f58970}: org/gradle/api/internal/project/DefaultProject_DecoratedCustomizer> (0x00000000c5f58970) 
thrown [src/hotspot/share/classfile/systemDictionary.cpp, line 313]
Event: 41.523 Thread 0x00007f64c000a350 Exception <a 'java/lang/ClassNotFoundException'{0x00000000c5e0cbe0}: org/gradle/configuration/internal/DefaultListenerBuildOperationDecorator$BuildOperationEmittingClosureBeanInfo> (0x00000000c5e0cbe0) 
thrown [src/hotspot/share/classfile/systemDictionary.cpp, line 313]
Event: 41.525 Thread 0x00007f64c000a350 Exception <a 'java/lang/ClassNotFoundException'{0x00000000c5e199e0}: org/gradle/configuration/internal/DefaultListenerBuildOperationDecorator$BuildOperationEmittingClosureCustomizer> (0x00000000c5e199e0) 
thrown [src/hotspot/share/classfile/systemDictionary.cpp, line 313]

ZGC Phase Switch (0 events):
No events

VM Operations (20 events):
Event: 33.680 Executing safepoint VM operation: G1CollectForAllocation (G1 Evacuation Pause)
Event: 33.706 Executing safepoint VM operation: G1CollectForAllocation (G1 Evacuation Pause) done
Event: 34.707 Executing safepoint VM operation: Cleanup
Event: 34.707 Executing safepoint VM operation: Cleanup done
Event: 35.707 Executing safepoint VM operation: Cleanup
Event: 35.707 Executing safepoint VM operation: Cleanup done
Event: 36.708 Executing safepoint VM operation: Cleanup
Event: 36.708 Executing safepoint VM operation: Cleanup done
Event: 37.708 Executing safepoint VM operation: Cleanup
Event: 37.708 Executing safepoint VM operation: Cleanup done
Event: 38.709 Executing safepoint VM operation: Cleanup
Event: 38.709 Executing safepoint VM operation: Cleanup done
Event: 39.709 Executing safepoint VM operation: Cleanup
Event: 39.709 Executing safepoint VM operation: Cleanup done
Event: 40.712 Executing safepoint VM operation: Cleanup
Event: 40.713 Executing safepoint VM operation: Cleanup done
Event: 41.056 Executing safepoint VM operation: G1CollectForAllocation (G1 Evacuation Pause)
Event: 41.105 Executing safepoint VM operation: G1CollectForAllocation (G1 Evacuation Pause) done
Event: 42.105 Executing safepoint VM operation: Cleanup
Event: 42.105 Executing safepoint VM operation: Cleanup done

Memory protections (20 events):
Event: 4.498 Protecting memory [0x00007f65548f8000,0x00007f65548fc000] with protection modes 0
Event: 4.525 Protecting memory [0x00007f65547f7000,0x00007f65547fb000] with protection modes 0
Event: 4.532 Protecting memory [0x00007f65546f6000,0x00007f65546fa000] with protection modes 0
Event: 5.825 Protecting memory [0x00007f65545f5000,0x00007f65545f9000] with protection modes 0
Event: 5.857 Protecting memory [0x00007f65544f4000,0x00007f65544f8000] with protection modes 0
Event: 5.956 Protecting memory [0x00007f65543f3000,0x00007f65543f7000] with protection modes 0
Event: 6.667 Protecting memory [0x00007f6554101000,0x00007f6554105000] with protection modes 0
Event: 8.354 Protecting memory [0x00007f65542f2000,0x00007f65542f6000] with protection modes 0
Event: 8.392 Protecting memory [0x00007f6502f00000,0x00007f6502f04000] with protection modes 0
Event: 8.964 Protecting memory [0x00007f6502dff000,0x00007f6502e03000] with protection modes 0
Event: 9.000 Protecting memory [0x00007f6502cfe000,0x00007f6502d02000] with protection modes 0
Event: 12.292 Protecting memory [0x00007f6502bfd000,0x00007f6502c01000] with protection modes 0
Event: 16.401 Protecting memory [0x00007f6502afc000,0x00007f6502b00000] with protection modes 0
Event: 18.729 Protecting memory [0x00007f65029fb000,0x00007f65029ff000] with protection modes 0
Event: 18.802 Protecting memory [0x00007f65028fa000,0x00007f65028fe000] with protection modes 0
Event: 24.855 Protecting memory [0x00007f65027f9000,0x00007f65027fd000] with protection modes 0
Event: 24.974 Protecting memory [0x00007f65026f8000,0x00007f65026fc000] with protection modes 0
Event: 31.944 Protecting memory [0x00007f65025f7000,0x00007f65025fb000] with protection modes 0
Event: 32.411 Protecting memory [0x00007f65024f6000,0x00007f65024fa000] with protection modes 0
Event: 32.652 Protecting memory [0x00007f65023f5000,0x00007f65023f9000] with protection modes 0

Nmethod flushes (20 events):
Event: 20.109 Thread 0x00007f65780f76b0 flushing  nmethod 0x00007f65660dae90
Event: 20.109 Thread 0x00007f65780f76b0 flushing  nmethod 0x00007f65660dee10
Event: 20.109 Thread 0x00007f65780f76b0 flushing  nmethod 0x00007f6566111b90
Event: 20.109 Thread 0x00007f65780f76b0 flushing  nmethod 0x00007f6566113f90
Event: 20.109 Thread 0x00007f65780f76b0 flushing  nmethod 0x00007f6566114910
Event: 20.109 Thread 0x00007f65780f76b0 flushing  nmethod 0x00007f6566115d90
Event: 20.109 Thread 0x00007f65780f76b0 flushing  nmethod 0x00007f6566119210
Event: 20.109 Thread 0x00007f65780f76b0 flushing  nmethod 0x00007f656611e090
Event: 20.109 Thread 0x00007f65780f76b0 flushing  nmethod 0x00007f656611e810
Event: 20.109 Thread 0x00007f65780f76b0 flushing  nmethod 0x00007f656611eb90
Event: 20.109 Thread 0x00007f65780f76b0 flushing  nmethod 0x00007f6566121810
Event: 20.109 Thread 0x00007f65780f76b0 flushing  nmethod 0x00007f6566122190
Event: 20.109 Thread 0x00007f65780f76b0 flushing  nmethod 0x00007f6566123990
Event: 20.109 Thread 0x00007f65780f76b0 flushing  nmethod 0x00007f6566126e90
Event: 20.109 Thread 0x00007f65780f76b0 flushing  nmethod 0x00007f6566148690
Event: 20.109 Thread 0x00007f65780f76b0 flushing  nmethod 0x00007f656615b710
Event: 20.109 Thread 0x00007f65780f76b0 flushing  nmethod 0x00007f6566169410
Event: 20.109 Thread 0x00007f65780f76b0 flushing  nmethod 0x00007f656616d090
Event: 20.109 Thread 0x00007f65780f76b0 flushing  nmethod 0x00007f6566210790
Event: 20.109 Thread 0x00007f65780f76b0 flushing  nmethod 0x00007f6566364310

Events (20 events):
Event: 4.498 Thread 0x00007f64c000a350 Thread added: 0x00007f64ac009440
Event: 4.521 Thread 0x00007f64c000a350 Thread added: 0x00007f64ac00cdf0
Event: 4.532 Thread 0x00007f64c000a350 Thread added: 0x00007f64ac00f690
Event: 5.825 Thread 0x00007f64c000a350 Thread added: 0x00007f64ac2aff90
Event: 5.856 Thread 0x00007f64c000a350 Thread added: 0x00007f64ac2ba090
Event: 5.956 Thread 0x00007f64c000a350 Thread added: 0x00007f64ac2d2ee0
Event: 6.664 Thread 0x00007f64ac2ba090 Thread added: 0x00005624499f9e30
Event: 8.354 Thread 0x00007f64c000a350 Thread added: 0x00007f64ac97bbb0
Event: 8.392 Thread 0x00007f64c000a350 Thread added: 0x00007f64ac985c50
Event: 8.959 Thread 0x00007f64c000a350 Thread added: 0x00007f64aca9dec0
Event: 8.999 Thread 0x00007f64c000a350 Thread added: 0x00007f64acaa0280
Event: 12.292 Thread 0x00007f64c000a350 Thread added: 0x00007f64ac2270f0
Event: 16.401 Thread 0x00007f64c000a350 Thread added: 0x00007f64ac291e10
Event: 18.727 Thread 0x00007f64c000a350 Thread added: 0x00007f64acc0e850
Event: 18.802 Thread 0x00007f64c000a350 Thread added: 0x00007f64acc25c90
Event: 24.855 Thread 0x00007f64c000a350 Thread added: 0x00007f64ad197c30
Event: 24.974 Thread 0x00007f64c000a350 Thread added: 0x00007f64ad1ff300
Event: 31.944 Thread 0x00007f64c000a350 Thread added: 0x00007f64ad4594d0
Event: 32.411 Thread 0x00007f64c000a350 Thread added: 0x00007f64ad477360
Event: 32.651 Thread 0x00007f64c000a350 Thread added: 0x00007f64ad484c50


Dynamic libraries:
c0000000-c6300000 rw-p 00000000 00:00 0 
c6300000-ffe00000 ---p 00000000 00:00 0 
ffe00000-fff0b000 rw-p 00bf6000 08:01 15108097                           /home/elonmusk/.cursor/extensions/redhat.java-1.55.0-linux-x64/jre/21.0.11-linux-x86_64/lib/server/classes.jsa
fff0b000-100000000 rw-p 00000000 00:00 0 
562433f4b000-562433f4c000 r-xp 00000000 08:01 15108063                   /home/elonmusk/.cursor/extensions/redhat.java-1.55.0-linux-x64/jre/21.0.11-linux-x86_64/bin/java
562433f4d000-562433f4e000 r--p 00001000 08:01 15108063                   /home/elonmusk/.cursor/extensions/redhat.java-1.55.0-linux-x64/jre/21.0.11-linux-x86_64/bin/java
562433f4e000-562433f4f000 rw-p 00002000 08:01 15108063                   /home/elonmusk/.cursor/extensions/redhat.java-1.55.0-linux-x64/jre/21.0.11-linux-x86_64/bin/java
5624499f5000-562449a3c000 rw-p 00000000 00:00 0                          [heap]
7f649c000000-7f649c021000 rw-p 00000000 00:00 0 
7f649c021000-7f64a0000000 ---p 00000000 00:00 0 
7f64a4000000-7f64a4021000 rw-p 00000000 00:00 0 
7f64a4021000-7f64a8000000 ---p 00000000 00:00 0 
7f64a8000000-7f64a8021000 rw-p 00000000 00:00 0 
7f64a8021000-7f64ac000000 ---p 00000000 00:00 0 
7f64ac000000-7f64ad8fd000 rw-p 00000000 00:00 0 
7f64ad8fd000-7f64b0000000 ---p 00000000 00:00 0 
7f64b0000000-7f64b0023000 rw-p 00000000 00:00 0 
7f64b0023000-7f64b4000000 ---p 00000000 00:00 0 
7f64b4000000-7f64b4038000 rw-p 00000000 00:00 0 
7f64b4038000-7f64b8000000 ---p 00000000 00:00 0 
7f64b8000000-7f64b8021000 rw-p 00000000 00:00 0 
7f64b8021000-7f64bc000000 ---p 00000000 00:00 0 
7f64bc000000-7f64bc021000 rw-p 00000000 00:00 0 
7f64bc021000-7f64c0000000 ---p 00000000 00:00 0 
7f64c0000000-7f64c0021000 rw-p 00000000 00:00 0 
7f64c0021000-7f64c4000000 ---p 00000000 00:00 0 
7f64c4000000-7f64c4021000 rw-p 00000000 00:00 0 
7f64c4021000-7f64c8000000 ---p 00000000 00:00 0 
7f64c8000000-7f64c8054000 rw-p 00000000 00:00 0 
7f64c8054000-7f64cc000000 ---p 00000000 00:00 0 
7f64cc000000-7f64cc021000 rw-p 00000000 00:00 0 
7f64cc021000-7f64d0000000 ---p 00000000 00:00 0 
7f64d0000000-7f64d0021000 rw-p 00000000 00:00 0 
7f64d0021000-7f64d4000000 ---p 00000000 00:00 0 
7f64d4000000-7f64d4021000 rw-p 00000000 00:00 0 
7f64d4021000-7f64d8000000 ---p 00000000 00:00 0 
7f64d8000000-7f64d8021000 rw-p 00000000 00:00 0 
7f64d8021000-7f64dc000000 ---p 00000000 00:00 0 
7f64dc000000-7f64dc67c000 rw-p 00000000 00:00 0 
7f64dc67c000-7f64e0000000 ---p 00000000 00:00 0 
7f64e0000000-7f64e0021000 rw-p 00000000 00:00 0 
7f64e0021000-7f64e4000000 ---p 00000000 00:00 0 
7f64e4000000-7f64e4021000 rw-p 00000000 00:00 0 
7f64e4021000-7f64e8000000 ---p 00000000 00:00 0 
7f64e8000000-7f64e98d8000 rw-p 00000000 00:00 0 
7f64e98d8000-7f64ec000000 ---p 00000000 00:00 0 
7f64ec000000-7f64ec021000 rw-p 00000000 00:00 0 
7f64ec021000-7f64f0000000 ---p 00000000 00:00 0 
7f64f0000000-7f64f0021000 rw-p 00000000 00:00 0 
7f64f0021000-7f64f4000000 ---p 00000000 00:00 0 
7f64f4000000-7f64f4021000 rw-p 00000000 00:00 0 
7f64f4021000-7f64f8000000 ---p 00000000 00:00 0 
7f64f8000000-7f64f8021000 rw-p 00000000 00:00 0 
7f64f8021000-7f64fc000000 ---p 00000000 00:00 0 
7f64fc000000-7f64fc021000 rw-p 00000000 00:00 0 
7f64fc021000-7f6500000000 ---p 00000000 00:00 0 
7f650210d000-7f65023f4000 rw-p 00000000 00:00 0 
7f65023f4000-7f65023f5000 rw-p 00000000 00:00 0 
7f65023f5000-7f65023f9000 ---p 00000000 00:00 0 
7f65023f9000-7f65024f6000 rw-p 00000000 00:00 0 
7f65024f6000-7f65024fa000 ---p 00000000 00:00 0 
7f65024fa000-7f65025f7000 rw-p 00000000 00:00 0 
7f65025f7000-7f65025fb000 ---p 00000000 00:00 0 
7f65025fb000-7f65026f8000 rw-p 00000000 00:00 0 
7f65026f8000-7f65026fc000 ---p 00000000 00:00 0 
7f65026fc000-7f65027f9000 rw-p 00000000 00:00 0 
7f65027f9000-7f65027fd000 ---p 00000000 00:00 0 
7f65027fd000-7f65028fa000 rw-p 00000000 00:00 0 
7f65028fa000-7f65028fe000 ---p 00000000 00:00 0 
7f65028fe000-7f65029fb000 rw-p 00000000 00:00 0 
7f65029fb000-7f65029ff000 ---p 00000000 00:00 0 
7f65029ff000-7f6502afc000 rw-p 00000000 00:00 0 
7f6502afc000-7f6502b00000 ---p 00000000 00:00 0 
7f6502b00000-7f6502bfd000 rw-p 00000000 00:00 0 
7f6502bfd000-7f6502c01000 ---p 00000000 00:00 0 
7f6502c01000-7f6502cfe000 rw-p 00000000 00:00 0 
7f6502cfe000-7f6502d02000 ---p 00000000 00:00 0 
7f6502d02000-7f6502dff000 rw-p 00000000 00:00 0 
7f6502dff000-7f6502e03000 ---p 00000000 00:00 0 
7f6502e03000-7f6502f00000 rw-p 00000000 00:00 0 
7f6502f00000-7f6502f04000 ---p 00000000 00:00 0 
7f6502f04000-7f6503000000 rw-p 00000000 00:00 0 
7f6503000000-7f6503400000 rw-p 00000000 00:00 0 
7f6503400000-7f6503900000 rw-p 00000000 00:00 0 
7f6503900000-7f6503a00000 rw-p 00000000 00:00 0 
7f6503a00000-7f6504300000 rw-p 00000000 00:00 0 
7f6504300000-7f6504400000 rw-p 00000000 00:00 0 
7f6504400000-7f6504900000 rw-p 00000000 00:00 0 
7f6504900000-7f6504a00000 rw-p 00000000 00:00 0 
7f6504a00000-7f6504b00000 rw-p 00000000 00:00 0 
7f6504b00000-7f6504bf0000 rw-p 00000000 00:00 0 
7f6504bf0000-7f6504c00000 ---p 00000000 00:00 0 
7f6504c00000-7f6505f30000 rw-p 00000000 00:00 0 
7f6505f30000-7f6507000000 ---p 00000000 00:00 0 
7f6507000000-7f6507bba000 rw-p 00001000 08:01 15108097                   /home/elonmusk/.cursor/extensions/redhat.java-1.55.0-linux-x64/jre/21.0.11-linux-x86_64/lib/server/classes.jsa
7f6507bba000-7f6508000000 ---p 00000000 00:00 0 
7f6508000000-7f6508040000 rw-p 00000000 00:00 0 
7f6508040000-7f6508080000 rw-p 00000000 00:00 0 
7f6508080000-7f6508140000 rw-p 00000000 00:00 0 
7f6508140000-7f65084c0000 rw-p 00000000 00:00 0 
7f65084c0000-7f6508640000 rw-p 00000000 00:00 0 
7f6508640000-7f6508650000 rw-p 00000000 00:00 0 
7f6508650000-7f6508680000 ---p 00000000 00:00 0 
7f6508680000-7f65088f0000 rw-p 00000000 00:00 0 
7f65088f0000-7f6548000000 ---p 00000000 00:00 0 
7f6548000000-7f6548021000 rw-p 00000000 00:00 0 
7f6548021000-7f654c000000 ---p 00000000 00:00 0 
7f654c000000-7f654c021000 rw-p 00000000 00:00 0 
7f654c021000-7f6550000000 ---p 00000000 00:00 0 
7f6550000000-7f6550021000 rw-p 00000000 00:00 0 
7f6550021000-7f6554000000 ---p 00000000 00:00 0 
7f6554100000-7f6554101000 rw-p 00000000 00:00 0 
7f6554101000-7f6554105000 ---p 00000000 00:00 0 
7f6554105000-7f6554201000 rw-p 00000000 00:00 0 
7f65542f1000-7f65542f2000 rw-p 00000000 00:00 0 
7f65542f2000-7f65542f6000 ---p 00000000 00:00 0 
7f65542f6000-7f65543f3000 rw-p 00000000 00:00 0 
7f65543f3000-7f65543f7000 ---p 00000000 00:00 0 
7f65543f7000-7f65544f4000 rw-p 00000000 00:00 0 
7f65544f4000-7f65544f8000 ---p 00000000 00:00 0 
7f65544f8000-7f65545f5000 rw-p 00000000 00:00 0 
7f65545f5000-7f65545f9000 ---p 00000000 00:00 0 
7f65545f9000-7f65546f6000 rw-p 00000000 00:00 0 
7f65546f6000-7f65546fa000 ---p 00000000 00:00 0 
7f65546fa000-7f65547f7000 rw-p 00000000 00:00 0 
7f65547f7000-7f65547fb000 ---p 00000000 00:00 0 
7f65547fb000-7f65548f8000 rw-p 00000000 00:00 0 
7f65548f8000-7f65548fc000 ---p 00000000 00:00 0 
7f65548fc000-7f65549f9000 rw-p 00000000 00:00 0 
7f65549f9000-7f65549fd000 ---p 00000000 00:00 0 
7f65549fd000-7f6554afa000 rw-p 00000000 00:00 0 
7f6554afa000-7f6554afe000 ---p 00000000 00:00 0 
7f6554afe000-7f6554bfb000 rw-p 00000000 00:00 0 
7f6554bfb000-7f6554bff000 ---p 00000000 00:00 0 
7f6554bff000-7f6554cfc000 rw-p 00000000 00:00 0 
7f6554cfc000-7f6554d00000 ---p 00000000 00:00 0 
7f6554d00000-7f6554dfd000 rw-p 00000000 00:00 0 
7f6554dfd000-7f6554e01000 ---p 00000000 00:00 0 
7f6554e01000-7f6554efe000 rw-p 00000000 00:00 0 
7f6554efe000-7f6554f02000 ---p 00000000 00:00 0 
7f6554f02000-7f6554fff000 rw-p 00000000 00:00 0 
7f6554fff000-7f6555003000 ---p 00000000 00:00 0 
7f6555003000-7f6555200000 rw-p 00000000 00:00 0 
7f6555200000-7f6555205000 r-xp 00000000 08:01 17702337                   /home/elonmusk/.gradle/native/1def1411415f61bf3af743bc5b6707747c0891f09f0c88961ee8f79bc544acac/linux-amd64/libnative-platform.so
7f6555205000-7f6555405000 ---p 00005000 08:01 17702337                   /home/elonmusk/.gradle/native/1def1411415f61bf3af743bc5b6707747c0891f09f0c88961ee8f79bc544acac/linux-amd64/libnative-platform.so
7f6555405000-7f6555406000 r--p 00005000 08:01 17702337                   /home/elonmusk/.gradle/native/1def1411415f61bf3af743bc5b6707747c0891f09f0c88961ee8f79bc544acac/linux-amd64/libnative-platform.so
7f6555406000-7f6555407000 rw-p 00006000 08:01 17702337                   /home/elonmusk/.gradle/native/1def1411415f61bf3af743bc5b6707747c0891f09f0c88961ee8f79bc544acac/linux-amd64/libnative-platform.so
7f6555468000-7f6555569000 rw-p 00000000 00:00 0 
7f6555569000-7f65555a5000 r--p 00000000 08:01 17702347                   /home/elonmusk/.gradle/native/0.2.7/x86_64-linux-gnu/libgradle-fileevents.so
7f65555a5000-7f65555ed000 r-xp 0003b000 08:01 17702347                   /home/elonmusk/.gradle/native/0.2.7/x86_64-linux-gnu/libgradle-fileevents.so
7f65555ed000-7f65555f6000 r--p 00082000 08:01 17702347                   /home/elonmusk/.gradle/native/0.2.7/x86_64-linux-gnu/libgradle-fileevents.so
7f65555f6000-7f65555f7000 rw-p 0008a000 08:01 17702347                   /home/elonmusk/.gradle/native/0.2.7/x86_64-linux-gnu/libgradle-fileevents.so
7f65555f7000-7f65555fa000 rw-p 00000000 00:00 0 
7f65555fa000-7f65556fc000 rw-p 00000000 00:00 0 
7f65556fc000-7f6555700000 ---p 00000000 00:00 0 
7f6555700000-7f65557fd000 rw-p 00000000 00:00 0 
7f65557fd000-7f6555801000 ---p 00000000 00:00 0 
7f6555801000-7f65558fe000 rw-p 00000000 00:00 0 
7f65558fe000-7f6555902000 ---p 00000000 00:00 0 
7f6555902000-7f65559ff000 rw-p 00000000 00:00 0 
7f65559ff000-7f6555a03000 ---p 00000000 00:00 0 
7f6555a03000-7f6555b00000 rw-p 00000000 00:00 0 
7f6555b00000-7f6555b04000 ---p 00000000 00:00 0 
7f6555b04000-7f6555c00000 rw-p 00000000 00:00 0 
7f6555c00000-7f6555eec000 r--p 00000000 08:01 4063826                    /usr/lib/locale/locale-archive
7f6555eff000-7f6555f00000 rw-p 00000000 00:00 0 
7f6555f00000-7f6555f04000 ---p 00000000 00:00 0 
7f6555f04000-7f6556000000 rw-p 00000000 00:00 0 
7f6556000000-7f6558021000 rw-p 00000000 00:00 0 
7f6558021000-7f655c000000 ---p 00000000 00:00 0 
7f655c000000-7f655c021000 rw-p 00000000 00:00 0 
7f655c021000-7f6560000000 ---p 00000000 00:00 0 
7f6560000000-7f6560021000 rw-p 00000000 00:00 0 
7f6560021000-7f6564000000 ---p 00000000 00:00 0 
7f6564072000-7f6564073000 rw-p 00000000 00:00 0 
7f6564073000-7f6564077000 ---p 00000000 00:00 0 
7f6564077000-7f6564174000 rw-p 00000000 00:00 0 
7f6564174000-7f6564178000 ---p 00000000 00:00 0 
7f6564178000-7f6564275000 rw-p 00000000 00:00 0 
7f6564275000-7f6564279000 ---p 00000000 00:00 0 
7f6564279000-7f6564577000 rw-p 00000000 00:00 0 
7f6564577000-7f65645f8000 rw-p 00000000 00:00 0 
7f65645f8000-7f65647fa000 rw-p 00000000 00:00 0 
7f65647fa000-7f6564bfe000 rw-p 00000000 00:00 0 
7f6564bfe000-7f6564e00000 rw-p 00000000 00:00 0 
7f6564e00000-7f6564f8c000 rw-p 00000000 00:00 0 
7f6564f8c000-7f6565df8000 ---p 00000000 00:00 0 
7f6565df8000-7f6565e00000 rw-p 00000000 00:00 0 
7f6565e00000-7f65667e0000 rwxp 00000000 00:00 0 
7f65667e0000-7f656d337000 ---p 00000000 00:00 0 
7f656d337000-7f656d5f7000 rwxp 00000000 00:00 0 
7f656d5f7000-7f656d8c8000 ---p 00000000 00:00 0 
7f656d8c8000-7f656db78000 rwxp 00000000 00:00 0 
7f656db78000-7f6574e00000 ---p 00000000 00:00 0 
7f6574e00000-7f6577fe0000 r--s 00000000 08:01 15107984                   /home/elonmusk/.cursor/extensions/redhat.java-1.55.0-linux-x64/jre/21.0.11-linux-x86_64/lib/modules
7f6578000000-7f657949e000 rw-p 00000000 00:00 0 
7f657949e000-7f657c000000 ---p 00000000 00:00 0 
7f657c044000-7f657c04b000 r--s 00000000 08:01 4065233                    /usr/lib/x86_64-linux-gnu/gconv/gconv-modules.cache
7f657c04b000-7f657c051000 r-xp 00000000 08:01 15107996                   /home/elonmusk/.cursor/extensions/redhat.java-1.55.0-linux-x64/jre/21.0.11-linux-x86_64/lib/libmanagement_ext.so
7f657c051000-7f657c052000 r--p 00005000 08:01 15107996                   /home/elonmusk/.cursor/extensions/redhat.java-1.55.0-linux-x64/jre/21.0.11-linux-x86_64/lib/libmanagement_ext.so
7f657c052000-7f657c053000 rw-p 00006000 08:01 15107996                   /home/elonmusk/.cursor/extensions/redhat.java-1.55.0-linux-x64/jre/21.0.11-linux-x86_64/lib/libmanagement_ext.so
7f657c053000-7f657c060000 r-xp 00000000 08:01 15107986                   /home/elonmusk/.cursor/extensions/redhat.java-1.55.0-linux-x64/jre/21.0.11-linux-x86_64/lib/libverify.so
7f657c060000-7f657c062000 r--p 0000c000 08:01 15107986                   /home/elonmusk/.cursor/extensions/redhat.java-1.55.0-linux-x64/jre/21.0.11-linux-x86_64/lib/libverify.so
7f657c062000-7f657c063000 rw-p 0000e000 08:01 15107986                   /home/elonmusk/.cursor/extensions/redhat.java-1.55.0-linux-x64/jre/21.0.11-linux-x86_64/lib/libverify.so
7f657c063000-7f657c0ff000 rw-p 00000000 00:00 0 
7f657c0ff000-7f657c200000 rw-p 00000000 00:00 0 
7f657c200000-7f657c232000 rw-p 00000000 00:00 0 
7f657c232000-7f657c3ff000 ---p 00000000 00:00 0 
7f657c3ff000-7f657c432000 rw-p 00000000 00:00 0 
7f657c432000-7f657c5ff000 ---p 00000000 00:00 0 
7f657c5ff000-7f657c600000 rw-p 00000000 00:00 0 
7f657c601000-7f657c603000 r-xp 00000000 08:01 15108016                   /home/elonmusk/.cursor/extensions/redhat.java-1.55.0-linux-x64/jre/21.0.11-linux-x86_64/lib/libextnet.so
7f657c603000-7f657c604000 r--p 00001000 08:01 15108016                   /home/elonmusk/.cursor/extensions/redhat.java-1.55.0-linux-x64/jre/21.0.11-linux-x86_64/lib/libextnet.so
7f657c604000-7f657c605000 rw-p 00002000 08:01 15108016                   /home/elonmusk/.cursor/extensions/redhat.java-1.55.0-linux-x64/jre/21.0.11-linux-x86_64/lib/libextnet.so
7f657c605000-7f657c611000 r-xp 00000000 08:01 15107994                   /home/elonmusk/.cursor/extensions/redhat.java-1.55.0-linux-x64/jre/21.0.11-linux-x86_64/lib/libnet.so
7f657c611000-7f657c612000 r--p 0000b000 08:01 15107994                   /home/elonmusk/.cursor/extensions/redhat.java-1.55.0-linux-x64/jre/21.0.11-linux-x86_64/lib/libnet.so
7f657c612000-7f657c613000 rw-p 0000c000 08:01 15107994                   /home/elonmusk/.cursor/extensions/redhat.java-1.55.0-linux-x64/jre/21.0.11-linux-x86_64/lib/libnet.so
7f657c613000-7f657c62e000 r-xp 00000000 08:01 15107985                   /home/elonmusk/.cursor/extensions/redhat.java-1.55.0-linux-x64/jre/21.0.11-linux-x86_64/lib/libzip.so
7f657c62e000-7f657c62f000 r--p 0001a000 08:01 15107985                   /home/elonmusk/.cursor/extensions/redhat.java-1.55.0-linux-x64/jre/21.0.11-linux-x86_64/lib/libzip.so
7f657c62f000-7f657c630000 rw-p 0001b000 08:01 15107985                   /home/elonmusk/.cursor/extensions/redhat.java-1.55.0-linux-x64/jre/21.0.11-linux-x86_64/lib/libzip.so
7f657c630000-7f657ca3a000 rw-p 00000000 00:00 0 
7f657ca3a000-7f657cb1f000 ---p 00000000 00:00 0 
7f657cb1f000-7f657cb33000 rw-p 00000000 00:00 0 
7f657cb33000-7f657cc0a000 ---p 00000000 00:00 0 
7f657cc0a000-7f657cc0e000 ---p 00000000 00:00 0 
7f657cc0e000-7f657cd0a000 rw-p 00000000 00:00 0 
7f657cd0a000-7f657cd1b000 r--p 00000000 08:01 4065240                    /usr/lib/x86_64-linux-gnu/libm.so.6
7f657cd1b000-7f657cd9e000 r-xp 00011000 08:01 4065240                    /usr/lib/x86_64-linux-gnu/libm.so.6
7f657cd9e000-7f657cdfe000 r--p 00094000 08:01 4065240                    /usr/lib/x86_64-linux-gnu/libm.so.6
7f657cdfe000-7f657cdff000 r--p 000f3000 08:01 4065240                    /usr/lib/x86_64-linux-gnu/libm.so.6
7f657cdff000-7f657ce00000 rw-p 000f4000 08:01 4065240                    /usr/lib/x86_64-linux-gnu/libm.so.6
7f657ce00000-7f657e235000 r-xp 00000000 08:01 15108094                   /home/elonmusk/.cursor/extensions/redhat.java-1.55.0-linux-x64/jre/21.0.11-linux-x86_64/lib/server/libjvm.so
7f657e235000-7f657e30a000 r--p 01434000 08:01 15108094                   /home/elonmusk/.cursor/extensions/redhat.java-1.55.0-linux-x64/jre/21.0.11-linux-x86_64/lib/server/libjvm.so
7f657e30a000-7f657e33a000 rw-p 01509000 08:01 15108094                   /home/elonmusk/.cursor/extensions/redhat.java-1.55.0-linux-x64/jre/21.0.11-linux-x86_64/lib/server/libjvm.so
7f657e33a000-7f657e3a0000 rw-p 00000000 00:00 0 
7f657e3a2000-7f657e3b6000 r-xp 00000000 08:01 15107993                   /home/elonmusk/.cursor/extensions/redhat.java-1.55.0-linux-x64/jre/21.0.11-linux-x86_64/lib/libnio.so
7f657e3b6000-7f657e3b7000 r--p 00013000 08:01 15107993                   /home/elonmusk/.cursor/extensions/redhat.java-1.55.0-linux-x64/jre/21.0.11-linux-x86_64/lib/libnio.so
7f657e3b7000-7f657e3b8000 rw-p 00014000 08:01 15107993                   /home/elonmusk/.cursor/extensions/redhat.java-1.55.0-linux-x64/jre/21.0.11-linux-x86_64/lib/libnio.so
7f657e3b8000-7f657e3e1000 rw-p 00000000 00:00 0 
7f657e3e1000-7f657e3e7000 ---p 00000000 00:00 0 
7f657e3e7000-7f657e3ef000 rw-s 00000000 00:29 1090                       /tmp/hsperfdata_elonmusk/25725
7f657e3ef000-7f657e410000 r-xp 00000000 08:01 15108008                   /home/elonmusk/.cursor/extensions/redhat.java-1.55.0-linux-x64/jre/21.0.11-linux-x86_64/lib/libjava.so
7f657e410000-7f657e411000 r--p 00020000 08:01 15108008                   /home/elonmusk/.cursor/extensions/redhat.java-1.55.0-linux-x64/jre/21.0.11-linux-x86_64/lib/libjava.so
7f657e411000-7f657e412000 rw-p 00021000 08:01 15108008                   /home/elonmusk/.cursor/extensions/redhat.java-1.55.0-linux-x64/jre/21.0.11-linux-x86_64/lib/libjava.so
7f657e412000-7f657e413000 rw-p 00000000 00:00 0 
7f657e413000-7f657e41d000 r-xp 00000000 08:01 15108013                   /home/elonmusk/.cursor/extensions/redhat.java-1.55.0-linux-x64/jre/21.0.11-linux-x86_64/lib/libinstrument.so
7f657e41d000-7f657e41e000 ---p 0000a000 08:01 15108013                   /home/elonmusk/.cursor/extensions/redhat.java-1.55.0-linux-x64/jre/21.0.11-linux-x86_64/lib/libinstrument.so
7f657e41e000-7f657e41f000 r--p 0000a000 08:01 15108013                   /home/elonmusk/.cursor/extensions/redhat.java-1.55.0-linux-x64/jre/21.0.11-linux-x86_64/lib/libinstrument.so
7f657e41f000-7f657e420000 rw-p 0000b000 08:01 15108013                   /home/elonmusk/.cursor/extensions/redhat.java-1.55.0-linux-x64/jre/21.0.11-linux-x86_64/lib/libinstrument.so
7f657e420000-7f657e421000 r--p 00000000 08:01 4065251                    /usr/lib/x86_64-linux-gnu/librt.so.1
7f657e421000-7f657e422000 r-xp 00001000 08:01 4065251                    /usr/lib/x86_64-linux-gnu/librt.so.1
7f657e422000-7f657e423000 r--p 00002000 08:01 4065251                    /usr/lib/x86_64-linux-gnu/librt.so.1
7f657e423000-7f657e424000 r--p 00002000 08:01 4065251                    /usr/lib/x86_64-linux-gnu/librt.so.1
7f657e424000-7f657e425000 rw-p 00003000 08:01 4065251                    /usr/lib/x86_64-linux-gnu/librt.so.1
7f657e425000-7f657e427000 rw-p 00000000 00:00 0 
7f657e427000-7f657e44f000 r--p 00000000 08:01 4065237                    /usr/lib/x86_64-linux-gnu/libc.so.6
7f657e44f000-7f657e5b9000 r-xp 00028000 08:01 4065237                    /usr/lib/x86_64-linux-gnu/libc.so.6
7f657e5b9000-7f657e60c000 r--p 00192000 08:01 4065237                    /usr/lib/x86_64-linux-gnu/libc.so.6
7f657e60c000-7f657e610000 r--p 001e5000 08:01 4065237                    /usr/lib/x86_64-linux-gnu/libc.so.6
7f657e610000-7f657e612000 rw-p 001e9000 08:01 4065237                    /usr/lib/x86_64-linux-gnu/libc.so.6
7f657e612000-7f657e61f000 rw-p 00000000 00:00 0 
7f657e61f000-7f657e620000 r--p 00000000 08:01 4065239                    /usr/lib/x86_64-linux-gnu/libdl.so.2
7f657e620000-7f657e621000 r-xp 00001000 08:01 4065239                    /usr/lib/x86_64-linux-gnu/libdl.so.2
7f657e621000-7f657e622000 r--p 00002000 08:01 4065239                    /usr/lib/x86_64-linux-gnu/libdl.so.2
7f657e622000-7f657e623000 r--p 00002000 08:01 4065239                    /usr/lib/x86_64-linux-gnu/libdl.so.2
7f657e623000-7f657e624000 rw-p 00003000 08:01 4065239                    /usr/lib/x86_64-linux-gnu/libdl.so.2
7f657e624000-7f657e625000 r--p 00000000 08:01 4065249                    /usr/lib/x86_64-linux-gnu/libpthread.so.0
7f657e625000-7f657e626000 r-xp 00001000 08:01 4065249                    /usr/lib/x86_64-linux-gnu/libpthread.so.0
7f657e626000-7f657e627000 r--p 00002000 08:01 4065249                    /usr/lib/x86_64-linux-gnu/libpthread.so.0
7f657e627000-7f657e628000 r--p 00002000 08:01 4065249                    /usr/lib/x86_64-linux-gnu/libpthread.so.0
7f657e628000-7f657e629000 rw-p 00003000 08:01 4065249                    /usr/lib/x86_64-linux-gnu/libpthread.so.0
7f657e62a000-7f657e62e000 r-xp 00000000 08:01 15107998                   /home/elonmusk/.cursor/extensions/redhat.java-1.55.0-linux-x64/jre/21.0.11-linux-x86_64/lib/libmanagement.so
7f657e62e000-7f657e62f000 r--p 00003000 08:01 15107998                   /home/elonmusk/.cursor/extensions/redhat.java-1.55.0-linux-x64/jre/21.0.11-linux-x86_64/lib/libmanagement.so
7f657e62f000-7f657e630000 rw-p 00004000 08:01 15107998                   /home/elonmusk/.cursor/extensions/redhat.java-1.55.0-linux-x64/jre/21.0.11-linux-x86_64/lib/libmanagement.so
7f657e630000-7f657e631000 ---p 00000000 00:00 0 
7f657e631000-7f657e632000 r--p 00000000 00:00 0 
7f657e632000-7f657e633000 ---p 00000000 00:00 0 
7f657e633000-7f657e64e000 r-xp 00000000 08:01 15108004                   /home/elonmusk/.cursor/extensions/redhat.java-1.55.0-linux-x64/jre/21.0.11-linux-x86_64/lib/libjimage.so
7f657e64e000-7f657e64f000 ---p 0001b000 08:01 15108004                   /home/elonmusk/.cursor/extensions/redhat.java-1.55.0-linux-x64/jre/21.0.11-linux-x86_64/lib/libjimage.so
7f657e64f000-7f657e651000 r--p 0001b000 08:01 15108004                   /home/elonmusk/.cursor/extensions/redhat.java-1.55.0-linux-x64/jre/21.0.11-linux-x86_64/lib/libjimage.so
7f657e651000-7f657e652000 rw-p 0001d000 08:01 15108004                   /home/elonmusk/.cursor/extensions/redhat.java-1.55.0-linux-x64/jre/21.0.11-linux-x86_64/lib/libjimage.so
7f657e652000-7f657e66b000 r-xp 00000000 08:01 15108003                   /home/elonmusk/.cursor/extensions/redhat.java-1.55.0-linux-x64/jre/21.0.11-linux-x86_64/lib/libjli.so
7f657e66b000-7f657e66c000 r--p 00018000 08:01 15108003                   /home/elonmusk/.cursor/extensions/redhat.java-1.55.0-linux-x64/jre/21.0.11-linux-x86_64/lib/libjli.so
7f657e66c000-7f657e66d000 rw-p 00019000 08:01 15108003                   /home/elonmusk/.cursor/extensions/redhat.java-1.55.0-linux-x64/jre/21.0.11-linux-x86_64/lib/libjli.so
7f657e66d000-7f657e66f000 rw-p 00000000 00:00 0 
7f657e66f000-7f657e673000 r--p 00000000 00:00 0                          [vvar]
7f657e673000-7f657e675000 r--p 00000000 00:00 0                          [vvar_vclock]
7f657e675000-7f657e677000 r-xp 00000000 00:00 0                          [vdso]
7f657e677000-7f657e678000 r--p 00000000 08:01 4065234                    /usr/lib/x86_64-linux-gnu/ld-linux-x86-64.so.2
7f657e678000-7f657e6a1000 r-xp 00001000 08:01 4065234                    /usr/lib/x86_64-linux-gnu/ld-linux-x86-64.so.2
7f657e6a1000-7f657e6ac000 r--p 0002a000 08:01 4065234                    /usr/lib/x86_64-linux-gnu/ld-linux-x86-64.so.2
7f657e6ac000-7f657e6ae000 r--p 00035000 08:01 4065234                    /usr/lib/x86_64-linux-gnu/ld-linux-x86-64.so.2
7f657e6ae000-7f657e6af000 rw-p 00037000 08:01 4065234                    /usr/lib/x86_64-linux-gnu/ld-linux-x86-64.so.2
7f657e6af000-7f657e6b0000 rw-p 00000000 00:00 0 
7ffff7a17000-7ffff7a39000 rw-p 00000000 00:00 0                          [stack]
Total number of mappings: 295

JVMTI agents:
/home/elonmusk/.gradle/wrapper/dists/gradle-8.13-bin/5xuhj0ry160q40clulazy9h7d/gradle-8.13/lib/agents/gradle-instrumentation-agent-8.13.jar path:none, loaded, initialized, instrumentlib options:none


VM Arguments:
jvm_args: --add-opens=java.base/java.lang=ALL-UNNAMED --add-opens=java.base/java.lang.invoke=ALL-UNNAMED --add-opens=java.base/java.util=ALL-UNNAMED --add-opens=java.prefs/java.util.prefs=ALL-UNNAMED --add-exports=jdk.compiler/com.sun.tools.javac.api=ALL-UNNAMED --add-exports=jdk.compiler/com.sun.tools.javac.util=ALL-UNNAMED --add-opens=java.base/java.util=ALL-UNNAMED --add-opens=java.prefs/java.util.prefs=ALL-UNNAMED --add-opens=java.base/java.nio.charset=ALL-UNNAMED --add-opens=java.base/java.net=ALL-UNNAMED --add-opens=java.base/java.util.concurrent.atomic=ALL-UNNAMED --add-opens=java.xml/javax.xml.namespace=ALL-UNNAMED -Xmx1024m -Dfile.encoding=UTF-8 -Duser.country=US -Duser.language=en -Duser.variant -javaagent:/home/elonmusk/.gradle/wrapper/dists/gradle-8.13-bin/5xuhj0ry160q40clulazy9h7d/gradle-8.13/lib/agents/gradle-instrumentation-agent-8.13.jar 
java_command: org.gradle.launcher.daemon.bootstrap.GradleDaemon 8.13
java_class_path (initial): /home/elonmusk/.gradle/wrapper/dists/gradle-8.13-bin/5xuhj0ry160q40clulazy9h7d/gradle-8.13/lib/gradle-daemon-main-8.13.jar
Launcher Type: SUN_STANDARD

[Global flags]
     intx CICompilerCount                          = 3                                         {product} {ergonomic}
     uint ConcGCThreads                            = 1                                         {product} {ergonomic}
     uint G1ConcRefinementThreads                  = 4                                         {product} {ergonomic}
   size_t G1HeapRegionSize                         = 1048576                                   {product} {ergonomic}
    uintx GCDrainStackTargetSize                   = 64                                        {product} {ergonomic}
   size_t InitialHeapSize                          = 90177536                                  {product} {ergonomic}
   size_t MarkStackSize                            = 4194304                                   {product} {ergonomic}
   size_t MaxHeapSize                              = 1073741824                                {product} {command line}
   size_t MaxNewSize                               = 643825664                                 {product} {ergonomic}
   size_t MinHeapDeltaBytes                        = 1048576                                   {product} {ergonomic}
   size_t MinHeapSize                              = 8388608                                   {product} {ergonomic}
    uintx NonNMethodCodeHeapSize                   = 5832780                                {pd product} {ergonomic}
    uintx NonProfiledCodeHeapSize                  = 122912730                              {pd product} {ergonomic}
    uintx ProfiledCodeHeapSize                     = 122912730                              {pd product} {ergonomic}
    uintx ReservedCodeCacheSize                    = 251658240                              {pd product} {ergonomic}
     bool SegmentedCodeCache                       = true                                      {product} {ergonomic}
   size_t SoftMaxHeapSize                          = 1073741824                             {manageable} {ergonomic}
     bool UseCompressedOops                        = true                           {product lp64_product} {ergonomic}
     bool UseG1GC                                  = true                                      {product} {ergonomic}

Logging:
Log output configuration:
 #0: stdout all=warning uptime,level,tags foldmultilines=false
 #1: stderr all=off uptime,level,tags foldmultilines=false

Release file:
JAVA_VERSION="21.0.11"
MODULES="java.base java.compiler java.datatransfer java.xml java.prefs java.desktop java.instrument java.logging java.management java.security.sasl java.naming java.rmi java.management.rmi java.net.http java.scripting java.security.jgss java.transaction.xa java.sql java.sql.rowset java.xml.crypto java.se java.smartcardio jdk.accessibility jdk.internal.jvmstat jdk.attach jdk.charsets jdk.internal.opt jdk.zipfs jdk.compiler jdk.crypto.ec jdk.crypto.cryptoki jdk.dynalink jdk.internal.ed jdk.editpad jdk.hotspot.agent jdk.httpserver jdk.internal.le jdk.internal.vm.ci jdk.internal.vm.compiler jdk.internal.vm.compiler.management jdk.jartool jdk.javadoc jdk.jcmd jdk.management jdk.management.agent jdk.jconsole jdk.jdeps jdk.jdwp.agent jdk.jdi jdk.jfr jdk.jshell jdk.jsobject jdk.jstatd jdk.localedata jdk.management.jfr jdk.naming.dns jdk.naming.rmi jdk.net jdk.nio.mapmode jdk.random jdk.sctp jdk.security.auth jdk.security.jgss jdk.unsupported jdk.unsupported.desktop jdk.xml.dom"

Environment Variables:
PATH=/home/elonmusk/.local/bin:/usr/local/sbin:/usr/sbin:/sbin:/usr/local/bin:/usr/bin:/bin:/usr/local/games:/usr/games:/snap/bin:/home/elonmusk/.dotnet/tools:/home/elonmusk/Android/Sdk/cmdline-tools/latest/bin:/home/elonmusk/Android/Sdk/platform-tools:/home/elonmusk/Android/Sdk/build-tools/36.0.0: /home/Desktop/flutter_dev/flutter/bin/flutter
XDG_CACHE_HOME=/home/elonmusk/.cache
XDG_CONFIG_HOME=/home/elonmusk/.config
SHELL=/bin/bash
DISPLAY=:0.0
LANG=en_US.UTF-8

Active Locale:
LC_ALL=en_US.UTF-8
LC_COLLATE=en_US.UTF-8
LC_CTYPE=en_US.UTF-8
LC_MESSAGES=en_US.UTF-8
LC_MONETARY=en_US.UTF-8
LC_NUMERIC=en_US.UTF-8
LC_TIME=en_US.UTF-8

Signal Handlers:
   SIGSEGV: crash_handler in libjvm.so, mask=11100100010111111101111111111110, flags=SA_RESTART|SA_SIGINFO, unblocked
    SIGBUS: crash_handler in libjvm.so, mask=11100100010111111101111111111110, flags=SA_RESTART|SA_SIGINFO, unblocked
    SIGFPE: crash_handler in libjvm.so, mask=11100100010111111101111111111110, flags=SA_RESTART|SA_SIGINFO, unblocked
   SIGPIPE: javaSignalHandler in libjvm.so, mask=11100100010111111101111111111110, flags=SA_RESTART|SA_SIGINFO, blocked
   SIGXFSZ: javaSignalHandler in libjvm.so, mask=11100100010111111101111111111110, flags=SA_RESTART|SA_SIGINFO, blocked
    SIGILL: crash_handler in libjvm.so, mask=11100100010111111101111111111110, flags=SA_RESTART|SA_SIGINFO, unblocked
   SIGUSR2: SR_handler in libjvm.so, mask=00000000000000000000000000000000, flags=SA_RESTART|SA_SIGINFO, blocked
    SIGHUP: UserHandler in libjvm.so, mask=11100100010111111101111111111110, flags=SA_RESTART|SA_SIGINFO, blocked
    SIGINT: UserHandler in libjvm.so, mask=11100100010111111101111111111110, flags=SA_RESTART|SA_SIGINFO, blocked
   SIGTERM: UserHandler in libjvm.so, mask=11100100010111111101111111111110, flags=SA_RESTART|SA_SIGINFO, blocked
   SIGQUIT: UserHandler in libjvm.so, mask=11100100010111111101111111111110, flags=SA_RESTART|SA_SIGINFO, blocked
   SIGTRAP: crash_handler in libjvm.so, mask=11100100010111111101111111111110, flags=SA_RESTART|SA_SIGINFO, unblocked


Periodic native trim disabled

---------------  S Y S T E M  ---------------

OS:
PRETTY_NAME="Kali GNU/Linux Rolling"
NAME="Kali GNU/Linux"
VERSION_ID="2026.2"
VERSION="2026.2"
VERSION_CODENAME=kali-rolling
ID=kali
ID_LIKE=debian
HOME_URL="https://www.kali.org/"
SUPPORT_URL="https://forums.kali.org/"
BUG_REPORT_URL="https://bugs.kali.org/"
ANSI_COLOR="1;31"
uname: Linux 6.19.14+kali-amd64 #1 SMP PREEMPT_DYNAMIC Kali 6.19.14-1+kali1 (2026-05-05) x86_64
OS uptime: 0 days 0:33 hours
libc: glibc 2.42 NPTL 2.42 
rlimit (soft/hard): STACK 8192k/infinity , CORE 0k/infinity , NPROC 20768/20768 , NOFILE 524288/524288 , AS infinity/infinity , CPU infinity/infinity , DATA infinity/infinity , FSIZE infinity/infinity , MEMLOCK 8192k/8192k
load average: 12.43 10.40 5.52

/proc/meminfo:
MemTotal:        5530568 kB
MemFree:          105464 kB
MemAvailable:    1237064 kB
Buffers:          291268 kB
Cached:           994700 kB
SwapCached:        24664 kB
Active:          1770136 kB
Inactive:        3200700 kB
Active(anon):    1342896 kB
Inactive(anon):  2367064 kB
Active(file):     427240 kB
Inactive(file):   833636 kB
Unevictable:         128 kB
Mlocked:             128 kB
SwapTotal:       5741564 kB
SwapFree:        5158312 kB
Zswap:                 0 kB
Zswapped:              0 kB
Dirty:              3940 kB
Writeback:             0 kB
AnonPages:       3648444 kB
Mapped:           407412 kB
Shmem:             25388 kB
KReclaimable:     164748 kB
Slab:             270292 kB
SReclaimable:     164748 kB
SUnreclaim:       105544 kB
KernelStack:       17008 kB
PageTables:        47320 kB
SecPageTables:         0 kB
NFS_Unstable:          0 kB
Bounce:                0 kB
WritebackTmp:          0 kB
CommitLimit:     8506848 kB
Committed_AS:   21462080 kB
VmallocTotal:   34359738367 kB
VmallocUsed:       74244 kB
VmallocChunk:          0 kB
Percpu:             2576 kB
HardwareCorrupted:     0 kB
AnonHugePages:    923648 kB
ShmemHugePages:        0 kB
ShmemPmdMapped:        0 kB
FileHugePages:      4096 kB
FilePmdMapped:         0 kB
Unaccepted:            0 kB
Balloon:               0 kB
HugePages_Total:       0
HugePages_Free:        0
HugePages_Rsvd:        0
HugePages_Surp:        0
Hugepagesize:       2048 kB
Hugetlb:               0 kB
DirectMap4k:      376616 kB
DirectMap2M:     5367808 kB
DirectMap1G:           0 kB

/sys/kernel/mm/transparent_hugepage/enabled: [always] madvise never
/sys/kernel/mm/transparent_hugepage/hpage_pmd_size: 2097152
/sys/kernel/mm/transparent_hugepage/defrag (defrag/compaction efforts parameter): always defer defer+madvise [madvise] never

Process Memory:
Virtual Size: 4655940K (peak: 4702056K)
Resident Set Size: 302356K (peak: 302356K) (anon: 266672K, file: 35652K, shmem: 32K)
Swapped out: 0K
C-Heap outstanding allocations: 88294K, retained: 6973K
glibc malloc tunables: (default)

/proc/sys/kernel/threads-max (system-wide limit on the number of threads): 41536
/proc/sys/vm/max_map_count (maximum number of memory map areas a process may have): 1048576
/proc/sys/vm/swappiness (control to define how aggressively the kernel swaps out anonymous memory): 60
/proc/sys/kernel/pid_max (system-wide limit on number of process identifiers): 4194304

container information not found.
Steal ticks since vm start: 0
Steal ticks percentage since vm start:  0.000

CPU: total 4 (initial active 4) (4 cores per cpu, 1 threads per core) family 18 model 1 stepping 0 microcode 0x3000027, cx8, cmov, fxsr, mmx, 3dnowpref, sse, sse2, sse3, sse4a, popcnt, lzcnt, tsc, tscinvbit, clflush, rdtscp
CPU Model and flags from /proc/cpuinfo:
model name	: AMD A8-3520M APU with Radeon(tm) HD Graphics
flags		: fpu vme de pse tsc msr pae mce cx8 apic sep mtrr pge mca cmov pat pse36 clflush mmx fxsr sse sse2 ht syscall nx mmxext fxsr_opt pdpe1gb rdtscp lm 3dnowext 3dnow constant_tsc rep_good nopl nonstop_tsc cpuid extd_apicid aperfmperf pni monitor cx16 popcnt lahf_lm cmp_legacy svm extapic cr8_legacy abm sse4a misalignsse 3dnowprefetch osvw ibs skinit wdt cpb hw_pstate vmmcall arat npt lbrv svm_lock nrip_save pausefilter

Online cpus: 0-3
Offline cpus: 
BIOS frequency limitation: 1600000
Frequency switch latency (ns): 0
Available cpu frequencies: 1600000 1400000 1200000 1100000 1000000 900000 800000 
Current governor: ondemand
Core performance/turbo boost: 1

Memory: 4k page, physical 5530568k(1237064k free), swap 5741564k(5158312k free)
Page Sizes: 4k

vm_info: OpenJDK 64-Bit Server VM (21.0.11+10-LTS) for linux-amd64 JRE (21.0.11+10-LTS), built on 2026-04-21T00:00:00Z by "admin" with gcc 11.3.0

END.
